BL51 BANKED LINKER/LOCATER V6.22                                                        08/26/2015  16:38:21  PAGE 1


BL51 BANKED LINKER/LOCATER V6.22, INVOKED BY:
D:\KEIL\C51\BIN\BL51.EXE RA8876.obj TO sd RAMSIZE (256)


MEMORY MODEL: LARGE WITH FLOATING POINT ARITHMETIC


INPUT MODULES INCLUDED:
  RA8876.obj (RA8876)
  D:\KEIL\C51\LIB\C51FPL.LIB (?C?FPADD)
  D:\KEIL\C51\LIB\C51FPL.LIB (?C?FPMUL)
  D:\KEIL\C51\LIB\C51FPL.LIB (?C?FPDIV)
  D:\KEIL\C51\LIB\C51FPL.LIB (?C?FPCMP)
  D:\KEIL\C51\LIB\C51FPL.LIB (?C?FCAST)
  D:\KEIL\C51\LIB\C51FPL.LIB (?C?CASTF)
  D:\KEIL\C51\LIB\C51FPL.LIB (SQRT)
  D:\KEIL\C51\LIB\C51FPL.LIB (?C?FPGETOPN)
  D:\KEIL\C51\LIB\C51L.LIB (?C_STARTUP)
  D:\KEIL\C51\LIB\C51L.LIB (?C?CLDPTR)
  D:\KEIL\C51\LIB\C51L.LIB (?C?CSTPTR)
  D:\KEIL\C51\LIB\C51L.LIB (?C?IMUL)
  D:\KEIL\C51\LIB\C51L.LIB (?C?UIDIV)
  D:\KEIL\C51\LIB\C51L.LIB (?C?SIDIV)
  D:\KEIL\C51\LIB\C51L.LIB (?C?IILDX)
  D:\KEIL\C51\LIB\C51L.LIB (?C?ILDIX)
  D:\KEIL\C51\LIB\C51L.LIB (?C?ILDOPTR)
  D:\KEIL\C51\LIB\C51L.LIB (?C?ISTPTR)
  D:\KEIL\C51\LIB\C51L.LIB (?C?LMUL)
  D:\KEIL\C51\LIB\C51L.LIB (?C?LNEG)
  D:\KEIL\C51\LIB\C51L.LIB (?C?ULCMP)
  D:\KEIL\C51\LIB\C51L.LIB (?C?ULSHR)
  D:\KEIL\C51\LIB\C51L.LIB (?C?LLDXDATA)
  D:\KEIL\C51\LIB\C51L.LIB (?C?LSTXDATA)
  D:\KEIL\C51\LIB\C51L.LIB (?C?LSTKXDATA)
  D:\KEIL\C51\LIB\C51L.LIB (RAND)
  D:\KEIL\C51\LIB\C51L.LIB (ABS)
  D:\KEIL\C51\LIB\C51L.LIB (?C_INIT)


LINK MAP OF MODULE:  sd (RA8876)


            TYPE    BASE      LENGTH    RELOCATION   SEGMENT NAME
            -----------------------------------------------------

            * * * * * * *   D A T A   M E M O R Y   * * * * * * *
            REG     0000H     0008H     ABSOLUTE     "REG BANK 0"
            IDATA   0008H     0001H     UNIT         ?STACK

            * * * * * * *  X D A T A   M E M O R Y  * * * * * * *
            XDATA   0000H     0213H     UNIT         ?XD?RA8876
            XDATA   0213H     005AH     UNIT         _XDATA_GROUP_
            XDATA   026DH     0009H     UNIT         ?XD?_SDWRITEBLOCK?RA8876
            XDATA   0276H     0006H     UNIT         ?XD?_LCD_CLEAR?RA8876
            XDATA   027CH     0004H     UNIT         ?XD?_GOTO_LINEAR_ADDR?RA8876
            XDATA   0280H     0004H     UNIT         ?XD?_S1_CONSTANT_COLOR_16M?RA8876
            XDATA   0284H     0004H     UNIT         ?XD?_SFI_DMA_DESTINATION_START_ADDRESS?RA8876
            XDATA   0288H     0004H     UNIT         ?XD?_SFI_DMA_TRANSFER_NUMBER?RA8876
BL51 BANKED LINKER/LOCATER V6.22                                                      08/26/2015  16:38:21  PAGE 2


            XDATA   028CH     0004H     UNIT         ?XD?_FOREGROUND_COLOR_16M?RA8876
            XDATA   0290H     0004H     UNIT         ?XD?_BACKGROUND_COLOR_16M?RA8876
            XDATA   0294H     0004H     UNIT         ?XD?_CGRAM_START_ADDRESS?RA8876
            XDATA   0298H     0004H     UNIT         ?XD?RAND?RAND
            XDATA   029CH     0002H     UNIT         ?XD?_DELAY10MS?RA8876

            * * * * * * *   C O D E   M E M O R Y   * * * * * * *
            CODE    0000H     0003H     ABSOLUTE     
            CODE    0003H     75AFH     UNIT         ?CO?RA8876
            CODE    75B2H     087EH     UNIT         ?PR?TP_ADJUST?RA8876
            CODE    7E30H     05DFH     UNIT         ?C?LIB_CODE
            CODE    840FH     03B9H     UNIT         ?PR?PIP_DEMO?RA8876
            CODE    87C8H     0373H     UNIT         ?PR?APP_DEMO_MULTI_FRAME_BUFFER?RA8876
            CODE    8B3BH     0365H     UNIT         ?PR?TEXT_DEMO?RA8876
            CODE    8EA0H     0348H     UNIT         ?PR?GEOMETRIC?RA8876
            CODE    91E8H     02E5H     UNIT         ?PR?APP_DEMO_WAVEFORM?RA8876
            CODE    94CDH     02DEH     UNIT         ?PR?TPTEST?RA8876
            CODE    97ABH     029CH     UNIT         ?PR?BTE_COMPARE?RA8876
            CODE    9A47H     0291H     UNIT         ?PR?APP_DEMO_SCROLLING_TEXT?RA8876
            CODE    9CD8H     0233H     UNIT         ?C_INITSEG
            CODE    9F0BH     0216H     UNIT         ?PR?GRAY?RA8876
            CODE    A121H     020CH     UNIT         ?PR?BTE_COLOR_EXPANSION?RA8876
            CODE    A32DH     0200H     UNIT         ?PR?APP_DEMO_ALPHA_BLENDING?RA8876
            CODE    A52DH     01ECH     UNIT         ?PR?APP_DEMO_SLIDE_FRAME_BUFFER?RA8876
            CODE    A719H     01E7H     UNIT         ?PR?_LCD_DRAWLINE?RA8876
            CODE    A900H     0193H     UNIT         ?PR?_TP_READ_XOY?RA8876
            CODE    AA93H     016EH     UNIT         ?PR?BTE_PATTERN_FILL?RA8876
            CODE    AC01H     016CH     UNIT         ?PR?RA8876_PLL_INITIAL?RA8876
            CODE    AD6DH     0144H     UNIT         ?PR?DISPLAY_JPG_SDCARD?RA8876
            CODE    AEB1H     0131H     UNIT         ?PR?_TP_READ_XY2?RA8876
            CODE    AFE2H     0116H     UNIT         ?PR?_LCD_PUTCHAR?RA8876
            CODE    B0F8H     0105H     UNIT         ?PR?_TP_DROW_TOUCH_POINT?RA8876
            CODE    B1FDH     00E2H     UNIT         ?PR?_TP_SCAN?RA8876
            CODE    B2DFH     00D7H     UNIT         ?PR?DMA_DEMO?RA8876
            CODE    B3B6H     00CBH     UNIT         ?PR?_SHOW_PICTURE1?RA8876
            CODE    B481H     00C8H     UNIT         ?PR?_LCD_DISPLAYSTRING?RA8876
            CODE    B549H     00C6H     UNIT         ?PR?MAIN?RA8876
            CODE    B60FH     00BBH     UNIT         ?PR?_SHOW_PICTURE?RA8876
            CODE    B6CAH     00B0H     UNIT         ?PR?_SDWRITEBLOCK?RA8876
            CODE    B77AH     00ACH     UNIT         ?PR?SQRT?SQRT
            CODE    B826H     00A2H     UNIT         ?PR?GRAPHIC_CURSOR_INITIAL?RA8876
            CODE    B8C8H     0096H     UNIT         ?PR?RA8876_INITIAL?RA8876
            CODE    B95EH     008CH     UNIT         ?C_C51STARTUP
            CODE    B9EAH     008BH     UNIT         ?PR?_SDREADBLOCK?RA8876
            CODE    BA75H     0084H     UNIT         ?PR?_LCD_HORIZONTALWIDTH_VERTICALHEIGHT?RA8876
            CODE    BAF9H     0078H     UNIT         ?PR?_LCD_CLEAR?RA8876
            CODE    BB71H     0071H     UNIT         ?PR?_SFI_DMA_SOURCE_START_ADDRESS?RA8876
            CODE    BBE2H     006BH     UNIT         ?PR?SDINIT?RA8876
            CODE    BC4DH     0069H     UNIT         ?PR?_CANVAS_IMAGE_START_ADDRESS?RA8876
            CODE    BCB6H     0069H     UNIT         ?PR?_LINE_END_XY?RA8876
            CODE    BD1FH     0069H     UNIT         ?PR?_SFI_DMA_DESTINATION_START_ADDRESS?RA8876
            CODE    BD88H     0069H     UNIT         ?PR?_SFI_DMA_TRANSFER_NUMBER?RA8876
            CODE    BDF1H     0069H     UNIT         ?PR?_CGRAM_START_ADDRESS?RA8876
            CODE    BE5AH     0064H     UNIT         ?PR?_MAIN_IMAGE_START_ADDRESS?RA8876
            CODE    BEBEH     0064H     UNIT         ?PR?_ACTIVE_WINDOW_WH?RA8876
            CODE    BF22H     0061H     UNIT         ?PR?_PIP_IMAGE_START_ADDRESS?RA8876
            CODE    BF83H     0061H     UNIT         ?PR?_BTE_S0_MEMORY_START_ADDRESS?RA8876
BL51 BANKED LINKER/LOCATER V6.22                                                      08/26/2015  16:38:21  PAGE 3


            CODE    BFE4H     0061H     UNIT         ?PR?_BTE_S1_MEMORY_START_ADDRESS?RA8876
            CODE    C045H     0061H     UNIT         ?PR?_BTE_DESTINATION_MEMORY_START_ADDRESS?RA8876
            CODE    C0A6H     005CH     UNIT         ?PR?_GOTO_LINEAR_ADDR?RA8876
            CODE    C102H     0052H     UNIT         ?PR?LOAD_DROW_DIALOG?RA8876
            CODE    C154H     0050H     UNIT         ?PR?_LCD_CMDWRITE?RA8876
            CODE    C1A4H     0050H     UNIT         ?PR?MONO_DEMO?RA8876
            CODE    C1F4H     004FH     UNIT         ?PR?START_TRIANGLE?RA8876
            CODE    C243H     004FH     UNIT         ?PR?_TP_READ_XY?RA8876
            CODE    C292H     004EH     UNIT         ?PR?_FOREGROUND_COLOR_16M?RA8876
            CODE    C2E0H     004EH     UNIT         ?PR?_BACKGROUND_COLOR_16M?RA8876
            CODE    C32EH     004DH     UNIT         ?PR?RAND?RAND
            CODE    C37BH     004CH     UNIT         ?PR?_LCD_HORIZONTAL_NON_DISPLAY?RA8876
            CODE    C3C7H     0045H     UNIT         ?PR?_PIP_WINDOW_IMAGE_START_XY?RA8876
            CODE    C40CH     0045H     UNIT         ?PR?START_CIRCLE_SQUARE?RA8876
            CODE    C451H     0045H     UNIT         ?PR?_BACKGROUND_COLOR_65K?RA8876
            CODE    C496H     0043H     UNIT         ?PR?_TP_READ_AD?RA8876
            CODE    C4D9H     0041H     UNIT         ?PR?_MAIN_WINDOW_START_XY?RA8876
            CODE    C51AH     0041H     UNIT         ?PR?_BTE_S0_WINDOW_START_XY?RA8876
            CODE    C55BH     0041H     UNIT         ?PR?_SFI_DMA_DESTINATION_UPPER_LEFT_CORNER?RA8876
            CODE    C59CH     0040H     UNIT         ?PR?_CIRCLE_CENTER_XY?RA8876
            CODE    C5DCH     003EH     UNIT         ?PR?_FOREGROUND_COLOR_65K?RA8876
            CODE    C61AH     003BH     UNIT         ?PR?_DELAY_MS?RA8876
            CODE    C655H     003AH     UNIT         ?PR?LCD_STATUSREAD?RA8876
            CODE    C68FH     003AH     UNIT         ?PR?START_SQUARE?RA8876
            CODE    C6C9H     003AH     UNIT         ?PR?_S1_CONSTANT_COLOR_65K?RA8876
            CODE    C703H     0039H     UNIT         ?PR?_LCD_DATAWRITE?RA8876
            CODE    C73CH     0039H     UNIT         ?PR?LCD_DATAREAD?RA8876
            CODE    C775H     0039H     UNIT         ?PR?_BTE_DESTINATION_IMAGE_WIDTH?RA8876
            CODE    C7AEH     0038H     UNIT         ?PR?RA8876_SDRAM_INITAIL?RA8876
            CODE    C7E6H     0037H     UNIT         ?PR?SELECT_PIP2_PARAMETER?RA8876
            CODE    C81DH     0037H     UNIT         ?PR?_GOTO_PIXEL_XY?RA8876
            CODE    C854H     0037H     UNIT         ?PR?_BTE_WINDOW_SIZE?RA8876
            CODE    C88BH     0036H     UNIT         ?PR?_ACTIVE_WINDOW_XY?RA8876
            CODE    C8C1H     0036H     UNIT         ?PR?_SFI_DMA_SOURCE_WIDTH?RA8876
            CODE    C8F7H     0035H     UNIT         ?PR?START_LINE?RA8876
            CODE    C92CH     0035H     UNIT         ?PR?_SHOW_STRING?RA8876
            CODE    C961H     0032H     UNIT         ?PR?_LCD_SETCURSOR?RA8876
            CODE    C993H     0032H     UNIT         ?PR?_TRIANGLE_POINT2_XY?RA8876
            CODE    C9C5H     0032H     UNIT         ?PR?_TRIANGLE_POINT3_XY?RA8876
            CODE    C9F7H     0032H     UNIT         ?PR?_SQUARE_END_XY?RA8876
            CODE    CA29H     0032H     UNIT         ?PR?_ELLIPSE_CENTER_XY?RA8876
            CODE    CA5BH     0032H     UNIT         ?PR?_ELLIPSE_RADIUS_RXRY?RA8876
            CODE    CA8DH     0032H     UNIT         ?PR?_CIRCLE_SQUARE_RADIUS_RXRY?RA8876
            CODE    CABFH     0032H     UNIT         ?PR?_SFI_DMA_TRANSFER_WIDTH_HEIGHT?RA8876
            CODE    CAF1H     0032H     UNIT         ?PR?CGROM_SELECT_INTERNAL_CGROM?RA8876
            CODE    CB23H     0031H     UNIT         ?PR?_LCD_HSYNC_START_POSITION?RA8876
            CODE    CB54H     0031H     UNIT         ?PR?_LCD_HSYNC_PULSE_WIDTH?RA8876
            CODE    CB85H     0031H     UNIT         ?PR?_GRAPHIC_CURSOR_XY?RA8876
            CODE    CBB6H     0031H     UNIT         ?PR?_GOTO_TEXT_XY?RA8876
            CODE    CBE7H     0030H     UNIT         ?PR?_CIRCLE_RADIUS_R?RA8876
            CODE    CC17H     002FH     UNIT         ?PR?START_SQUARE_FILL?RA8876
            CODE    CC46H     002FH     UNIT         ?PR?_BTE_S1_WINDOW_START_XY?RA8876
            CODE    CC75H     002FH     UNIT         ?PR?_LCD_DRAWPOINT?RA8876
            CODE    CCA4H     002EH     UNIT         ?PR?_BTE_ROP_CODE?RA8876
            CODE    CCD2H     002EH     UNIT         ?PR?_BTE_DESTINATION_WINDOW_START_XY?RA8876
            CODE    CD00H     002DH     UNIT         ?PR?_S1_CONSTANT_COLOR_256?RA8876
            CODE    CD2DH     002DH     UNIT         ?PR?_FOREGROUND_COLOR_256?RA8876
BL51 BANKED LINKER/LOCATER V6.22                                                      08/26/2015  16:38:21  PAGE 4


            CODE    CD5AH     002DH     UNIT         ?PR?_BACKGROUND_COLOR_256?RA8876
            CODE    CD87H     002CH     UNIT         ?PR?_S1_CONSTANT_COLOR_16M?RA8876
            CODE    CDB3H     002BH     UNIT         ?PR?_FAST_CLEAR?RA8876
            CODE    CDDEH     002AH     UNIT         ?PR?_PIP_DISPLAY_START_XY?RA8876
            CODE    CE08H     002AH     UNIT         ?PR?_PIP_WINDOW_WIDTH_HEIGHT?RA8876
            CODE    CE32H     002AH     UNIT         ?PR?START_SFI_DMA?RA8876
            CODE    CE5CH     0027H     UNIT         ?PR?_SDCOMMAND?RA8876
            CODE    CE83H     0023H     UNIT         ?PR?_LCD_SETPOINT?RA8876
            CODE    CEA6H     0023H     UNIT         ?PR?_MY_ABS?RA8876
            CODE    CEC9H     0022H     UNIT         ?PR?_FOREGROUND_RGB?RA8876
            CODE    CEEBH     0022H     UNIT         ?PR?_BACKGROUND_RGB?RA8876
            CODE    CF0DH     0020H     UNIT         ?PR?_DELAY100MS?RA8876
            CODE    CF2DH     0020H     UNIT         ?PR?FONT_SELECT_12X24_24X24?RA8876
            CODE    CF4DH     001FH     UNIT         ?PR?_BTE_S1_IMAGE_WIDTH?RA8876
            CODE    CF6CH     001EH     UNIT         ?PR?RA8876_SW_RESET?RA8876
            CODE    CF8AH     001EH     UNIT         ?PR?_TP_WRITE_BYTE?RA8876
            CODE    CFA8H     001DH     UNIT         ?PR?START_CIRCLE_OR_ELLIPSE?RA8876
            CODE    CFC5H     001CH     UNIT         ?PR?_DELAY10MS?RA8876
            CODE    CFE1H     001CH     UNIT         ?PR?_LINE_START_XY?RA8876
            CODE    CFFDH     001AH     UNIT         ?PR?NEXTSTEP?RA8876
            CODE    D017H     001AH     UNIT         ?PR?SELECT_GRAPHIC_CURSOR_2?RA8876
            CODE    D031H     001AH     UNIT         ?PR?_TEXT_CURSOR_H_V?RA8876
            CODE    D04BH     001AH     UNIT         ?PR?_SET_TIMER0_COMPARE_BUFFER?RA8876
            CODE    D065H     001AH     UNIT         ?PR?_SET_TIMER0_COUNT_BUFFER?RA8876
            CODE    D07FH     001AH     UNIT         ?PR?_SET_TIMER1_COMPARE_BUFFER?RA8876
            CODE    D099H     001AH     UNIT         ?PR?_SET_TIMER1_COUNT_BUFFER?RA8876
            CODE    D0B3H     001AH     UNIT         ?PR?BTE_DESTINATION_COLOR_16BPP?RA8876
            CODE    D0CDH     001AH     UNIT         ?PR?_RA8876_I2CM_CLOCK_PRESCALE?RA8876
            CODE    D0E7H     001AH     UNIT         ?PR?_SDWRITE?RA8876
            CODE    D101H     001AH     UNIT         ?PR?SDRESPONSE?RA8876
            CODE    D11BH     0018H     UNIT         ?PR?_LCD_VERTICAL_NON_DISPLAY?RA8876
            CODE    D133H     0018H     UNIT         ?PR?_SPI_MASTER_FIFO_DATA_PUT?RA8876
            CODE    D14BH     0018H     UNIT         ?PR?_KEY_SCAN_FREG?RA8876
            CODE    D163H     0016H     UNIT         ?PR?ENABLE_PLL?RA8876
            CODE    D179H     0016H     UNIT         ?PR?POWER_SAVING_STANDBY_MODE?RA8876
            CODE    D18FH     0016H     UNIT         ?PR?TEXT_CURSOR_INITIAL?RA8876
            CODE    D1A5H     0015H     UNIT         ?PR?_SET_PWM_PRESCALER_1_TO_256?RA8876
            CODE    D1BAH     0015H     UNIT         ?PR?BTE_S1_COLOR_8BPP?RA8876
            CODE    D1CFH     0015H     UNIT         ?PR?BTE_S1_COLOR_16BPP?RA8876
            CODE    D1E4H     0015H     UNIT         ?PR?BTE_S1_COLOR_24BPP?RA8876
            CODE    D1F9H     0015H     UNIT         ?PR?BTE_S1_COLOR_CONSTANT?RA8876
            CODE    D20EH     0015H     UNIT         ?PR?BTE_S1_COLOR_8BIT_ALPHA?RA8876
            CODE    D223H     0015H     UNIT         ?PR?BTE_S1_COLOR_16BIT_ALPHA?RA8876
            CODE    D238H     0015H     UNIT         ?PR?GTFONT_SELECT_GT21L16TW_GT21H16T1W?RA8876
            CODE    D24DH     0015H     UNIT         ?PR?GTFONT_SELECT_GT23L16U2W?RA8876
            CODE    D262H     0015H     UNIT         ?PR?GTFONT_SELECT_GT23L24T3Y_GT23H24T3Y?RA8876
            CODE    D277H     0015H     UNIT         ?PR?GTFONT_SELECT_GT23L24M1Z?RA8876
            CODE    D28CH     0015H     UNIT         ?PR?GTFONT_SELECT_GT23L32S4W_GT23H32S4W?RA8876
            CODE    D2A1H     0015H     UNIT         ?PR?GTFONT_SELECT_GT20L24F6Y?RA8876
            CODE    D2B6H     0015H     UNIT         ?PR?GTFONT_SELECT_GT21L24S1W?RA8876
            CODE    D2CBH     0015H     UNIT         ?PR?GTFONT_SELECT_GT22L16A1Y?RA8876
            CODE    D2E0H     0014H     UNIT         ?PR?_BTE_OPERATION_CODE?RA8876
            CODE    D2F4H     0014H     UNIT         ?PR?_LONG_KEY_TIMING_ADJUSTMENT?RA8876
            CODE    D308H     0013H     UNIT         ?PR?TFT_24BIT?RA8876
            CODE    D31BH     0013H     UNIT         ?PR?TFT_18BIT?RA8876
            CODE    D32EH     0013H     UNIT         ?PR?TFT_16BIT?RA8876
            CODE    D341H     0013H     UNIT         ?PR?TFT_LVDS?RA8876
BL51 BANKED LINKER/LOCATER V6.22                                                      08/26/2015  16:38:21  PAGE 5


            CODE    D354H     0013H     UNIT         ?PR?RGB_8B_8BPP?RA8876
            CODE    D367H     0013H     UNIT         ?PR?RGB_8B_16BPP?RA8876
            CODE    D37AH     0013H     UNIT         ?PR?RGB_8B_24BPP?RA8876
            CODE    D38DH     0013H     UNIT         ?PR?RGB_16B_8BPP?RA8876
            CODE    D3A0H     0013H     UNIT         ?PR?RGB_16B_16BPP?RA8876
            CODE    D3B3H     0013H     UNIT         ?PR?RGB_16B_24BPP_MODE1?RA8876
            CODE    D3C6H     0013H     UNIT         ?PR?RGB_16B_24BPP_MODE2?RA8876
            CODE    D3D9H     0013H     UNIT         ?PR?MEMREAD_LEFT_RIGHT_TOP_DOWN?RA8876
            CODE    D3ECH     0013H     UNIT         ?PR?MEMREAD_RIGHT_LEFT_TOP_DOWN?RA8876
            CODE    D3FFH     0013H     UNIT         ?PR?MEMREAD_TOP_DOWN_LEFT_RIGHT?RA8876
            CODE    D412H     0013H     UNIT         ?PR?MEMREAD_DOWN_TOP_LEFT_RIGHT?RA8876
            CODE    D425H     0013H     UNIT         ?PR?MEMWRITE_LEFT_RIGHT_TOP_DOWN?RA8876
            CODE    D438H     0013H     UNIT         ?PR?MEMWRITE_RIGHT_LEFT_TOP_DOWN?RA8876
            CODE    D44BH     0013H     UNIT         ?PR?MEMWRITE_TOP_DOWN_LEFT_RIGHT?RA8876
            CODE    D45EH     0013H     UNIT         ?PR?MEMWRITE_DOWN_TOP_LEFT_RIGHT?RA8876
            CODE    D471H     0013H     UNIT         ?PR?EXTINTERRUPT_INPUT_LOW_LEVEL_TRIGGER?RA8876
            CODE    D484H     0013H     UNIT         ?PR?EXTINTERRUPT_INPUT_HIGH_LEVEL_TRIGGER?RA8876
            CODE    D497H     0013H     UNIT         ?PR?EXTINTERRUPT_INPUT_FALLING_EDGE_TRIGGER?RA8876
            CODE    D4AAH     0013H     UNIT         ?PR?EXTINTERRUPT_INPUT_RISING_EDGE_TRIGGER?RA8876
            CODE    D4BDH     0013H     UNIT         ?PR?MEMORY_SELECT_SDRAM?RA8876
            CODE    D4D0H     0013H     UNIT         ?PR?MEMORY_SELECT_GRAPHIC_CURSOR_RAM?RA8876
            CODE    D4E3H     0013H     UNIT         ?PR?MEMORY_SELECT_COLOR_PALETTE_RAM?RA8876
            CODE    D4F6H     0013H     UNIT         ?PR?SELECT_MAIN_WINDOW_8BPP?RA8876
            CODE    D509H     0013H     UNIT         ?PR?SELECT_MAIN_WINDOW_16BPP?RA8876
            CODE    D51CH     0013H     UNIT         ?PR?SELECT_PIP2_WINDOW_8BPP?RA8876
            CODE    D52FH     0013H     UNIT         ?PR?SELECT_PIP2_WINDOW_16BPP?RA8876
            CODE    D542H     0013H     UNIT         ?PR?SELECT_PIP2_WINDOW_24BPP?RA8876
            CODE    D555H     0013H     UNIT         ?PR?SELECT_PIP1_WINDOW_8BPP?RA8876
            CODE    D568H     0013H     UNIT         ?PR?SELECT_PIP1_WINDOW_16BPP?RA8876
            CODE    D57BH     0013H     UNIT         ?PR?SELECT_PIP1_WINDOW_24BPP?RA8876
            CODE    D58EH     0013H     UNIT         ?PR?SELECT_GRAPHIC_CURSOR_1?RA8876
            CODE    D5A1H     0013H     UNIT         ?PR?SELECT_GRAPHIC_CURSOR_3?RA8876
            CODE    D5B4H     0013H     UNIT         ?PR?SELECT_GRAPHIC_CURSOR_4?RA8876
            CODE    D5C7H     0013H     UNIT         ?PR?MEMORY_8BPP_MODE?RA8876
            CODE    D5DAH     0013H     UNIT         ?PR?MEMORY_16BPP_MODE?RA8876
            CODE    D5EDH     0013H     UNIT         ?PR?MEMORY_24BPP_MODE?RA8876
            CODE    D600H     0013H     UNIT         ?PR?SELECT_PWM1_CLOCK_DIVIDED_BY_1?RA8876
            CODE    D613H     0013H     UNIT         ?PR?SELECT_PWM1_CLOCK_DIVIDED_BY_2?RA8876
            CODE    D626H     0013H     UNIT         ?PR?SELECT_PWM1_CLOCK_DIVIDED_BY_4?RA8876
            CODE    D639H     0013H     UNIT         ?PR?SELECT_PWM1_CLOCK_DIVIDED_BY_8?RA8876
            CODE    D64CH     0013H     UNIT         ?PR?SELECT_PWM0_CLOCK_DIVIDED_BY_1?RA8876
            CODE    D65FH     0013H     UNIT         ?PR?SELECT_PWM0_CLOCK_DIVIDED_BY_2?RA8876
            CODE    D672H     0013H     UNIT         ?PR?SELECT_PWM0_CLOCK_DIVIDED_BY_4?RA8876
            CODE    D685H     0013H     UNIT         ?PR?SELECT_PWM0_CLOCK_DIVIDED_BY_8?RA8876
            CODE    D698H     0013H     UNIT         ?PR?SELECT_PWM1?RA8876
            CODE    D6ABH     0013H     UNIT         ?PR?SELECT_PWM1_IS_OSC_CLOCK?RA8876
            CODE    D6BEH     0013H     UNIT         ?PR?SELECT_PWM0?RA8876
            CODE    D6D1H     0013H     UNIT         ?PR?SELECT_PWM0_IS_CORE_CLOCK?RA8876
            CODE    D6E4H     0013H     UNIT         ?PR?BTE_S0_COLOR_8BPP?RA8876
            CODE    D6F7H     0013H     UNIT         ?PR?BTE_S0_COLOR_16BPP?RA8876
            CODE    D70AH     0013H     UNIT         ?PR?BTE_DESTINATION_COLOR_8BPP?RA8876
            CODE    D71DH     0013H     UNIT         ?PR?SELECT_SFI_8_DUMMYREAD?RA8876
            CODE    D730H     0013H     UNIT         ?PR?SELECT_SFI_16_DUMMYREAD?RA8876
            CODE    D743H     0013H     UNIT         ?PR?SELECT_SFI_DUAL_MODE0?RA8876
            CODE    D756H     0013H     UNIT         ?PR?FONT_SELECT_USERDEFINE_MODE?RA8876
            CODE    D769H     0013H     UNIT         ?PR?CGROM_SELECT_GENITOP_FONTROM?RA8876
            CODE    D77CH     0013H     UNIT         ?PR?FONT_SELECT_8X16_16X16?RA8876
BL51 BANKED LINKER/LOCATER V6.22                                                      08/26/2015  16:38:21  PAGE 6


            CODE    D78FH     0013H     UNIT         ?PR?FONT_SELECT_16X32_32X32?RA8876
            CODE    D7A2H     0013H     UNIT         ?PR?INTERNAL_CGROM_SELECT_ISOIEC8859_1?RA8876
            CODE    D7B5H     0013H     UNIT         ?PR?INTERNAL_CGROM_SELECT_ISOIEC8859_2?RA8876
            CODE    D7C8H     0013H     UNIT         ?PR?INTERNAL_CGROM_SELECT_ISOIEC8859_3?RA8876
            CODE    D7DBH     0013H     UNIT         ?PR?INTERNAL_CGROM_SELECT_ISOIEC8859_4?RA8876
            CODE    D7EEH     0013H     UNIT         ?PR?FONT_WIDTH_X1?RA8876
            CODE    D801H     0013H     UNIT         ?PR?FONT_WIDTH_X2?RA8876
            CODE    D814H     0013H     UNIT         ?PR?FONT_WIDTH_X3?RA8876
            CODE    D827H     0013H     UNIT         ?PR?FONT_WIDTH_X4?RA8876
            CODE    D83AH     0013H     UNIT         ?PR?FONT_HEIGHT_X1?RA8876
            CODE    D84DH     0013H     UNIT         ?PR?FONT_HEIGHT_X2?RA8876
            CODE    D860H     0013H     UNIT         ?PR?FONT_HEIGHT_X3?RA8876
            CODE    D873H     0013H     UNIT         ?PR?FONT_HEIGHT_X4?RA8876
            CODE    D886H     0013H     UNIT         ?PR?SDREAD?RA8876
            CODE    D899H     0012H     UNIT         ?PR?RA8876_HW_RESET?RA8876
            CODE    D8ABH     0012H     UNIT         ?PR?_MAIN_IMAGE_WIDTH?RA8876
            CODE    D8BDH     0012H     UNIT         ?PR?_PIP_IMAGE_WIDTH?RA8876
            CODE    D8CFH     0012H     UNIT         ?PR?_CANVAS_IMAGE_WIDTH?RA8876
            CODE    D8E1H     0012H     UNIT         ?PR?_BTE_S0_IMAGE_WIDTH?RA8876
            CODE    D8F3H     0012H     UNIT         ?PR?TX_FIFO_EMPTY_FLAG?RA8876
            CODE    D905H     0012H     UNIT         ?PR?TX_FIFO_FULL_FLAG?RA8876
            CODE    D917H     0012H     UNIT         ?PR?RX_FIFO_EMPTY_FLAG?RA8876
            CODE    D929H     0012H     UNIT         ?PR?RX_FIFO_FULL_FLAG?RA8876
            CODE    D93BH     0012H     UNIT         ?PR?OVFI_FLAG?RA8876
            CODE    D94DH     0012H     UNIT         ?PR?EMTI_FLAG?RA8876
            CODE    D95FH     0012H     UNIT         ?PR?RA8876_I2CM_CHECK_SLAVE_ACK?RA8876
            CODE    D971H     0012H     UNIT         ?PR?RA8876_I2CM_BUS_BUSY?RA8876
            CODE    D983H     0012H     UNIT         ?PR?RA8876_I2CM_TRANSMIT_PROGRESS?RA8876
            CODE    D995H     0011H     UNIT         ?PR?RA8876_SLEEP?RA8876
            CODE    D9A6H     0011H     UNIT         ?PR?RA8876_WAKEUP?RA8876
            CODE    D9B7H     0011H     UNIT         ?PR?KEY_SCAN_ENABLE?RA8876
            CODE    D9C8H     0011H     UNIT         ?PR?KEY_SCAN_DISABLE?RA8876
            CODE    D9D9H     0011H     UNIT         ?PR?RA8876_I2CM_ENABLE?RA8876
            CODE    D9EAH     0011H     UNIT         ?PR?RA8876_I2CM_DISABLE?RA8876
            CODE    D9FBH     0011H     UNIT         ?PR?ENABLE_SFLASH_SPI?RA8876
            CODE    DA0CH     0011H     UNIT         ?PR?DISABLE_SFLASH_SPI?RA8876
            CODE    DA1DH     0011H     UNIT         ?PR?HOST_BUS_8BIT?RA8876
            CODE    DA2EH     0011H     UNIT         ?PR?HOST_BUS_16BIT?RA8876
            CODE    DA3FH     0011H     UNIT         ?PR?INTERRUPT_ACTIVE_LOW?RA8876
            CODE    DA50H     0011H     UNIT         ?PR?INTERRUPT_ACTIVE_HIGH?RA8876
            CODE    DA61H     0011H     UNIT         ?PR?EXTINTERRUPT_DEBOUNCE?RA8876
            CODE    DA72H     0011H     UNIT         ?PR?EXTINTERRUPT_NODEBOUNCE?RA8876
            CODE    DA83H     0011H     UNIT         ?PR?LVDS_FORMAT1?RA8876
            CODE    DA94H     0011H     UNIT         ?PR?LVDS_FORMAT2?RA8876
            CODE    DAA5H     0011H     UNIT         ?PR?GRAPHIC_MODE?RA8876
            CODE    DAB6H     0011H     UNIT         ?PR?TEXT_MODE?RA8876
            CODE    DAC7H     0011H     UNIT         ?PR?ENABLE_RESUME_INTERRUPT?RA8876
            CODE    DAD8H     0011H     UNIT         ?PR?DISABLE_RESUME_INTERRUPT?RA8876
            CODE    DAE9H     0011H     UNIT         ?PR?ENABLE_EXTINTERRUPT_INPUT?RA8876
            CODE    DAFAH     0011H     UNIT         ?PR?DISABLE_EXTINTERRUPT_INPUT?RA8876
            CODE    DB0BH     0011H     UNIT         ?PR?ENABLE_I2CM_INTERRUPT?RA8876
            CODE    DB1CH     0011H     UNIT         ?PR?DISABLE_I2CM_INTERRUPT?RA8876
            CODE    DB2DH     0011H     UNIT         ?PR?ENABLE_VSYNC_INTERRUPT?RA8876
            CODE    DB3EH     0011H     UNIT         ?PR?DISABLE_VSYNC_INTERRUPT?RA8876
            CODE    DB4FH     0011H     UNIT         ?PR?ENABLE_KEYSCAN_INTERRUPT?RA8876
            CODE    DB60H     0011H     UNIT         ?PR?DISABLE_KEYSCAN_INTERRUPT?RA8876
            CODE    DB71H     0011H     UNIT         ?PR?ENABLE_DMA_DRAW_BTE_INTERRUPT?RA8876
BL51 BANKED LINKER/LOCATER V6.22                                                      08/26/2015  16:38:21  PAGE 7


            CODE    DB82H     0011H     UNIT         ?PR?DISABLE_DMA_DRAW_BTE_INTERRUPT?RA8876
            CODE    DB93H     0011H     UNIT         ?PR?ENABLE_PWM1_INTERRUPT?RA8876
            CODE    DBA4H     0011H     UNIT         ?PR?DISABLE_PWM1_INTERRUPT?RA8876
            CODE    DBB5H     0011H     UNIT         ?PR?ENABLE_PWM0_INTERRUPT?RA8876
            CODE    DBC6H     0011H     UNIT         ?PR?DISABLE_PWM0_INTERRUPT?RA8876
            CODE    DBD7H     0011H     UNIT         ?PR?CLEAR_RESUME_INTERRUPT_FLAG?RA8876
            CODE    DBE8H     0011H     UNIT         ?PR?CLEAR_EXTINTERRUPT_INPUT_FLAG?RA8876
            CODE    DBF9H     0011H     UNIT         ?PR?CLEAR_I2CM_INTERRUPT_FLAG?RA8876
            CODE    DC0AH     0011H     UNIT         ?PR?CLEAR_VSYNC_INTERRUPT_FLAG?RA8876
            CODE    DC1BH     0011H     UNIT         ?PR?CLEAR_KEYSCAN_INTERRUPT_FLAG?RA8876
            CODE    DC2CH     0011H     UNIT         ?PR?CLEAR_DMA_DRAW_BTE_INTERRUPT_FLAG?RA8876
            CODE    DC3DH     0011H     UNIT         ?PR?CLEAR_PWM1_INTERRUPT_FLAG?RA8876
            CODE    DC4EH     0011H     UNIT         ?PR?CLEAR_PWM0_INTERRUPT_FLAG?RA8876
            CODE    DC5FH     0011H     UNIT         ?PR?MASK_RESUME_INTERRUPT_FLAG?RA8876
            CODE    DC70H     0011H     UNIT         ?PR?MASK_EXTINTERRUPT_INPUT_FLAG?RA8876
            CODE    DC81H     0011H     UNIT         ?PR?MASK_I2CM_INTERRUPT_FLAG?RA8876
            CODE    DC92H     0011H     UNIT         ?PR?MASK_VSYNC_INTERRUPT_FLAG?RA8876
            CODE    DCA3H     0011H     UNIT         ?PR?MASK_KEYSCAN_INTERRUPT_FLAG?RA8876
            CODE    DCB4H     0011H     UNIT         ?PR?MASK_DMA_DRAW_BTE_INTERRUPT_FLAG?RA8876
            CODE    DCC5H     0011H     UNIT         ?PR?MASK_PWM1_INTERRUPT_FLAG?RA8876
            CODE    DCD6H     0011H     UNIT         ?PR?MASK_PWM0_INTERRUPT_FLAG?RA8876
            CODE    DCE7H     0011H     UNIT         ?PR?ENABLE_RESUME_INTERRUPT_FLAG?RA8876
            CODE    DCF8H     0011H     UNIT         ?PR?ENABLE_EXTINTERRUPT_INPUR_FLAG?RA8876
            CODE    DD09H     0011H     UNIT         ?PR?ENABLE_I2CM_INTERRUPT_FLAG?RA8876
            CODE    DD1AH     0011H     UNIT         ?PR?ENABLE_VSYNC_INTERRUPT_FLAG?RA8876
            CODE    DD2BH     0011H     UNIT         ?PR?ENABLE_KEYSCAN_INTERRUPT_FLAG?RA8876
            CODE    DD3CH     0011H     UNIT         ?PR?ENABLE_DMA_DRAW_BTE_INTERRUPT_FLAG?RA8876
            CODE    DD4DH     0011H     UNIT         ?PR?ENABLE_PWM1_INTERRUPT_FLAG?RA8876
            CODE    DD5EH     0011H     UNIT         ?PR?ENABLE_PWM0_INTERRUPT_FLAG?RA8876
            CODE    DD6FH     0011H     UNIT         ?PR?ENABLE_GPIOF_PULLUP?RA8876
            CODE    DD80H     0011H     UNIT         ?PR?ENABLE_GPIOE_PULLUP?RA8876
            CODE    DD91H     0011H     UNIT         ?PR?ENABLE_GPIOD_PULLUP?RA8876
            CODE    DDA2H     0011H     UNIT         ?PR?ENABLE_GPIOC_PULLUP?RA8876
            CODE    DDB3H     0011H     UNIT         ?PR?ENABLE_XDB15_8_PULLUP?RA8876
            CODE    DDC4H     0011H     UNIT         ?PR?ENABLE_XDB7_0_PULLUP?RA8876
            CODE    DDD5H     0011H     UNIT         ?PR?DISABLE_GPIOF_PULLUP?RA8876
            CODE    DDE6H     0011H     UNIT         ?PR?DISABLE_GPIOE_PULLUP?RA8876
            CODE    DDF7H     0011H     UNIT         ?PR?DISABLE_GPIOD_PULLUP?RA8876
            CODE    DE08H     0011H     UNIT         ?PR?DISABLE_GPIOC_PULLUP?RA8876
            CODE    DE19H     0011H     UNIT         ?PR?DISABLE_XDB15_8_PULLUP?RA8876
            CODE    DE2AH     0011H     UNIT         ?PR?DISABLE_XDB7_0_PULLUP?RA8876
            CODE    DE3BH     0011H     UNIT         ?PR?XPDAT18_SET_GPIO_D7?RA8876
            CODE    DE4CH     0011H     UNIT         ?PR?XPDAT18_SET_KOUT4?RA8876
            CODE    DE5DH     0011H     UNIT         ?PR?XPDAT17_SET_GPIO_D5?RA8876
            CODE    DE6EH     0011H     UNIT         ?PR?XPDAT17_SET_KOUT2?RA8876
            CODE    DE7FH     0011H     UNIT         ?PR?XPDAT16_SET_GPIO_D4?RA8876
            CODE    DE90H     0011H     UNIT         ?PR?XPDAT16_SET_KOUT1?RA8876
            CODE    DEA1H     0011H     UNIT         ?PR?XPDAT9_SET_GPIO_D3?RA8876
            CODE    DEB2H     0011H     UNIT         ?PR?XPDAT9_SET_KOUT3?RA8876
            CODE    DEC3H     0011H     UNIT         ?PR?XPDAT8_SET_GPIO_D2?RA8876
            CODE    DED4H     0011H     UNIT         ?PR?XPDAT8_SET_KIN3?RA8876
            CODE    DEE5H     0011H     UNIT         ?PR?XPDAT2_SET_GPIO_D6?RA8876
            CODE    DEF6H     0011H     UNIT         ?PR?XPDAT2_SET_KIN4?RA8876
            CODE    DF07H     0011H     UNIT         ?PR?XPDAT1_SET_GPIO_D1?RA8876
            CODE    DF18H     0011H     UNIT         ?PR?XPDAT1_SET_KIN2?RA8876
            CODE    DF29H     0011H     UNIT         ?PR?XPDAT0_SET_GPIO_D0?RA8876
            CODE    DF3AH     0011H     UNIT         ?PR?XPDAT0_SET_KIN1?RA8876
BL51 BANKED LINKER/LOCATER V6.22                                                      08/26/2015  16:38:21  PAGE 8


            CODE    DF4BH     0011H     UNIT         ?PR?ENABLE_PIP1?RA8876
            CODE    DF5CH     0011H     UNIT         ?PR?DISABLE_PIP1?RA8876
            CODE    DF6DH     0011H     UNIT         ?PR?ENABLE_PIP2?RA8876
            CODE    DF7EH     0011H     UNIT         ?PR?DISABLE_PIP2?RA8876
            CODE    DF8FH     0011H     UNIT         ?PR?SELECT_PIP1_PARAMETER?RA8876
            CODE    DFA0H     0011H     UNIT         ?PR?SELECT_MAIN_WINDOW_24BPP?RA8876
            CODE    DFB1H     0011H     UNIT         ?PR?HSYNC_LOW_ACTIVE?RA8876
            CODE    DFC2H     0011H     UNIT         ?PR?HSYNC_HIGH_ACTIVE?RA8876
            CODE    DFD3H     0011H     UNIT         ?PR?VSYNC_LOW_ACTIVE?RA8876
            CODE    DFE4H     0011H     UNIT         ?PR?VSYNC_HIGH_ACTIVE?RA8876
            CODE    DFF5H     0011H     UNIT         ?PR?DE_LOW_ACTIVE?RA8876
            CODE    E006H     0011H     UNIT         ?PR?DE_HIGH_ACTIVE?RA8876
            CODE    E017H     0011H     UNIT         ?PR?IDLE_DE_LOW?RA8876
            CODE    E028H     0011H     UNIT         ?PR?IDLE_DE_HIGH?RA8876
            CODE    E039H     0011H     UNIT         ?PR?IDLE_PCLK_LOW?RA8876
            CODE    E04AH     0011H     UNIT         ?PR?IDLE_PCLK_HIGH?RA8876
            CODE    E05BH     0011H     UNIT         ?PR?IDLE_PDAT_LOW?RA8876
            CODE    E06CH     0011H     UNIT         ?PR?IDLE_PDAT_HIGH?RA8876
            CODE    E07DH     0011H     UNIT         ?PR?IDLE_HSYNC_LOW?RA8876
            CODE    E08EH     0011H     UNIT         ?PR?IDLE_HSYNC_HIGH?RA8876
            CODE    E09FH     0011H     UNIT         ?PR?IDLE_VSYNC_LOW?RA8876
            CODE    E0B0H     0011H     UNIT         ?PR?IDLE_VSYNC_HIGH?RA8876
            CODE    E0C1H     0011H     UNIT         ?PR?ENABLE_GRAPHIC_CURSOR?RA8876
            CODE    E0D2H     0011H     UNIT         ?PR?DISABLE_GRAPHIC_CURSOR?RA8876
            CODE    E0E3H     0011H     UNIT         ?PR?ENABLE_TEXT_CURSOR?RA8876
            CODE    E0F4H     0011H     UNIT         ?PR?DISABLE_TEXT_CURSOR?RA8876
            CODE    E105H     0011H     UNIT         ?PR?ENABLE_TEXT_CURSOR_BLINKING?RA8876
            CODE    E116H     0011H     UNIT         ?PR?DISABLE_TEXT_CURSOR_BLINKING?RA8876
            CODE    E127H     0011H     UNIT         ?PR?SELECT_WRITE_DATA_POSITION?RA8876
            CODE    E138H     0011H     UNIT         ?PR?SELECT_READ_DATA_POSITION?RA8876
            CODE    E149H     0011H     UNIT         ?PR?MEMORY_XY_MODE?RA8876
            CODE    E15AH     0011H     UNIT         ?PR?MEMORY_LINEAR_MODE?RA8876
            CODE    E16BH     0011H     UNIT         ?PR?SELECT_PWM1_IS_ERRORFLAG?RA8876
            CODE    E17CH     0011H     UNIT         ?PR?SELECT_PWM0_IS_GPIO_C7?RA8876
            CODE    E18DH     0011H     UNIT         ?PR?ENABLE_PWM1_INVERTER?RA8876
            CODE    E19EH     0011H     UNIT         ?PR?DISABLE_PWM1_INVERTER?RA8876
            CODE    E1AFH     0011H     UNIT         ?PR?AUTO_RELOAD_PWM1?RA8876
            CODE    E1C0H     0011H     UNIT         ?PR?ONE_SHOT_PWM1?RA8876
            CODE    E1D1H     0011H     UNIT         ?PR?START_PWM1?RA8876
            CODE    E1E2H     0011H     UNIT         ?PR?STOP_PWM1?RA8876
            CODE    E1F3H     0011H     UNIT         ?PR?ENABLE_PWM0_DEAD_ZONE?RA8876
            CODE    E204H     0011H     UNIT         ?PR?DISABLE_PWM0_DEAD_ZONE?RA8876
            CODE    E215H     0011H     UNIT         ?PR?ENABLE_PWM0_INVERTER?RA8876
            CODE    E226H     0011H     UNIT         ?PR?DISABLE_PWM0_INVERTER?RA8876
            CODE    E237H     0011H     UNIT         ?PR?AUTO_RELOAD_PWM0?RA8876
            CODE    E248H     0011H     UNIT         ?PR?ONE_SHOT_PWM0?RA8876
            CODE    E259H     0011H     UNIT         ?PR?START_PWM0?RA8876
            CODE    E26AH     0011H     UNIT         ?PR?STOP_PWM0?RA8876
            CODE    E27BH     0011H     UNIT         ?PR?BTE_ENABLE?RA8876
            CODE    E28CH     0011H     UNIT         ?PR?BTE_DISABLE?RA8876
            CODE    E29DH     0011H     UNIT         ?PR?PATTERN_FORMAT_8X8?RA8876
            CODE    E2AEH     0011H     UNIT         ?PR?PATTERN_FORMAT_16X16?RA8876
            CODE    E2BFH     0011H     UNIT         ?PR?BTE_S0_COLOR_24BPP?RA8876
            CODE    E2D0H     0011H     UNIT         ?PR?BTE_DESTINATION_COLOR_24BPP?RA8876
            CODE    E2E1H     0011H     UNIT         ?PR?SELECT_SFI_0?RA8876
            CODE    E2F2H     0011H     UNIT         ?PR?SELECT_SFI_1?RA8876
            CODE    E303H     0011H     UNIT         ?PR?SELECT_SFI_FONT_MODE?RA8876
BL51 BANKED LINKER/LOCATER V6.22                                                      08/26/2015  16:38:21  PAGE 9


            CODE    E314H     0011H     UNIT         ?PR?SELECT_SFI_DMA_MODE?RA8876
            CODE    E325H     0011H     UNIT         ?PR?SELECT_SFI_24BIT_ADDRESS?RA8876
            CODE    E336H     0011H     UNIT         ?PR?SELECT_SFI_32BIT_ADDRESS?RA8876
            CODE    E347H     0011H     UNIT         ?PR?SELECT_SFI_WAVEFORM_MODE_0?RA8876
            CODE    E358H     0011H     UNIT         ?PR?SELECT_SFI_WAVEFORM_MODE_3?RA8876
            CODE    E369H     0011H     UNIT         ?PR?SELECT_SFI_0_DUMMYREAD?RA8876
            CODE    E37AH     0011H     UNIT         ?PR?SELECT_SFI_24_DUMMYREAD?RA8876
            CODE    E38BH     0011H     UNIT         ?PR?SELECT_SFI_SINGLE_MODE?RA8876
            CODE    E39CH     0011H     UNIT         ?PR?SELECT_SFI_DUAL_MODE1?RA8876
            CODE    E3ADH     0011H     UNIT         ?PR?SPI_MASTER_FIFO_DATA_GET?RA8876
            CODE    E3BEH     0011H     UNIT         ?PR?MASK_SPI_MASTER_INTERRUPT_FLAG?RA8876
            CODE    E3CFH     0011H     UNIT         ?PR?SELECT_NSS_DRIVE_ON_XNSFCS0?RA8876
            CODE    E3E0H     0011H     UNIT         ?PR?SELECT_NSS_DRIVE_ON_XNSFCS1?RA8876
            CODE    E3F1H     0011H     UNIT         ?PR?NSS_INACTIVE?RA8876
            CODE    E402H     0011H     UNIT         ?PR?NSS_ACTIVE?RA8876
            CODE    E413H     0011H     UNIT         ?PR?OVFIRQEN_ENABLE?RA8876
            CODE    E424H     0011H     UNIT         ?PR?EMTIRQEN_ENABLE?RA8876
            CODE    E435H     0011H     UNIT         ?PR?RESET_CPOL?RA8876
            CODE    E446H     0011H     UNIT         ?PR?SET_CPOL?RA8876
            CODE    E457H     0011H     UNIT         ?PR?RESET_CPHA?RA8876
            CODE    E468H     0011H     UNIT         ?PR?SET_CPHA?RA8876
            CODE    E479H     0011H     UNIT         ?PR?CLEAR_OVFI_FLAG?RA8876
            CODE    E48AH     0011H     UNIT         ?PR?CLEAR_EMTI_FLAG?RA8876
            CODE    E49BH     0011H     UNIT         ?PR?ENABLE_FONT_ALIGNMENT?RA8876
            CODE    E4ACH     0011H     UNIT         ?PR?DISABLE_FONT_ALIGNMENT?RA8876
            CODE    E4BDH     0011H     UNIT         ?PR?FONT_BACKGROUND_SELECT_TRANSPARENCY?RA8876
            CODE    E4CEH     0011H     UNIT         ?PR?FONT_BACKGROUND_SELECT_COLOR?RA8876
            CODE    E4DFH     0011H     UNIT         ?PR?FONT_0_DEGREE?RA8876
            CODE    E4F0H     0011H     UNIT         ?PR?FONT_90_DEGREE?RA8876
            CODE    E501H     0011H     UNIT         ?PR?LONG_KEY_ENABLE?RA8876
            CODE    E512H     0011H     UNIT         ?PR?KEY_SCAN_WAKEUP_FUNCTION_ENABLE?RA8876
            CODE    E523H     0010H     UNIT         ?PR?POWER_SAVING_STATUS?RA8876
            CODE    E533H     0010H     UNIT         ?PR?PDATA_SET_GBR?RA8876
            CODE    E543H     0010H     UNIT         ?PR?PDATA_SET_BGR?RA8876
            CODE    E553H     000FH     UNIT         ?PR?_LCD_REGISTERWRITE?RA8876
            CODE    E562H     000FH     UNIT         ?PR?START_TRIANGLE_FILL?RA8876
            CODE    E571H     000FH     UNIT         ?PR?START_CIRCLE_OR_ELLIPSE_FILL?RA8876
            CODE    E580H     000FH     UNIT         ?PR?START_LEFT_DOWN_CURVE?RA8876
            CODE    E58FH     000FH     UNIT         ?PR?START_LEFT_UP_CURVE?RA8876
            CODE    E59EH     000FH     UNIT         ?PR?START_RIGHT_UP_CURVE?RA8876
            CODE    E5ADH     000FH     UNIT         ?PR?START_RIGHT_DOWN_CURVE?RA8876
            CODE    E5BCH     000FH     UNIT         ?PR?START_LEFT_DOWN_CURVE_FILL?RA8876
            CODE    E5CBH     000FH     UNIT         ?PR?START_LEFT_UP_CURVE_FILL?RA8876
            CODE    E5DAH     000FH     UNIT         ?PR?START_RIGHT_UP_CURVE_FILL?RA8876
            CODE    E5E9H     000FH     UNIT         ?PR?START_RIGHT_DOWN_CURVE_FILL?RA8876
            CODE    E5F8H     000FH     UNIT         ?PR?START_CIRCLE_SQUARE_FILL?RA8876
            CODE    E607H     000EH     UNIT         ?PR?_DELAY_US?RA8876
            CODE    E615H     000EH     UNIT         ?PR?CHECK_MEM_WR_FIFO_NOT_FULL?RA8876
            CODE    E623H     000EH     UNIT         ?PR?PDATA_SET_RBG?RA8876
            CODE    E631H     000EH     UNIT         ?PR?PDATA_SET_GRB?RA8876
            CODE    E63FH     000EH     UNIT         ?PR?PDATA_SET_BRG?RA8876
            CODE    E64DH     000EH     UNIT         ?PR?_LCD_VSYNC_START_POSITION?RA8876
            CODE    E65BH     000EH     UNIT         ?PR?_LCD_VSYNC_PULSE_WIDTH?RA8876
            CODE    E669H     000EH     UNIT         ?PR?_BLINKING_TIME_FRAMES?RA8876
            CODE    E677H     000EH     UNIT         ?PR?_SET_GRAPHIC_CURSOR_COLOR_2?RA8876
            CODE    E685H     000EH     UNIT         ?PR?_SET_TIMER0_DEAD_ZONE_LENGTH?RA8876
            CODE    E693H     000EH     UNIT         ?PR?_BTE_ALPHA_BLENDING_EFFECT?RA8876
BL51 BANKED LINKER/LOCATER V6.22                                                      08/26/2015  16:38:21  PAGE 10


            CODE    E6A1H     000EH     UNIT         ?PR?_SPI_CLOCK_PERIOD?RA8876
            CODE    E6AFH     000EH     UNIT         ?PR?_SET_GTFONT_DECODER?RA8876
            CODE    E6BDH     000EH     UNIT         ?PR?_FONT_LINE_DISTANCE?RA8876
            CODE    E6CBH     000EH     UNIT         ?PR?_SET_FONT_TO_FONT_WIDTH?RA8876
            CODE    E6D9H     000EH     UNIT         ?PR?_RA8876_I2CM_TRANSMIT_DATA?RA8876
            CODE    E6E7H     000EH     UNIT         ?PR?_SET_GPIO_A_IN_OUT?RA8876
            CODE    E6F5H     000EH     UNIT         ?PR?_WRITE_GPIO_A_7_0?RA8876
            CODE    E703H     000EH     UNIT         ?PR?_WRITE_GPIO_B_7_4?RA8876
            CODE    E711H     000EH     UNIT         ?PR?_SET_GPIO_C_IN_OUT?RA8876
            CODE    E71FH     000EH     UNIT         ?PR?_WRITE_GPIO_C_7_0?RA8876
            CODE    E72DH     000EH     UNIT         ?PR?_SET_GPIO_D_IN_OUT?RA8876
            CODE    E73BH     000EH     UNIT         ?PR?_WRITE_GPIO_D_7_0?RA8876
            CODE    E749H     000EH     UNIT         ?PR?_SET_GPIO_E_IN_OUT?RA8876
            CODE    E757H     000EH     UNIT         ?PR?_WRITE_GPIO_E_7_0?RA8876
            CODE    E765H     000EH     UNIT         ?PR?_SET_GPIO_F_IN_OUT?RA8876
            CODE    E773H     000EH     UNIT         ?PR?_WRITE_GPIO_F_7_0?RA8876
            CODE    E781H     000DH     UNIT         ?PR?CHECK_BUSY_SFI_DMA?RA8876
            CODE    E78EH     000DH     UNIT         ?PR?RA8876_I2CM_ARBITRATION?RA8876
            CODE    E79BH     000DH     UNIT         ?PR?NUMBERS_OF_KEY_HIT?RA8876
            CODE    E7A8H     000CH     UNIT         ?PR?PCLK_RISING?RA8876
            CODE    E7B4H     000CH     UNIT         ?PR?PCLK_FALLING?RA8876
            CODE    E7C0H     000CH     UNIT         ?PR?DISPLAY_ON?RA8876
            CODE    E7CCH     000CH     UNIT         ?PR?DISPLAY_OFF?RA8876
            CODE    E7D8H     000CH     UNIT         ?PR?COLOR_BAR_ON?RA8876
            CODE    E7E4H     000CH     UNIT         ?PR?COLOR_BAR_OFF?RA8876
            CODE    E7F0H     000CH     UNIT         ?PR?HSCAN_L_TO_R?RA8876
            CODE    E7FCH     000CH     UNIT         ?PR?HSCAN_R_TO_L?RA8876
            CODE    E808H     000CH     UNIT         ?PR?VSCAN_T_TO_B?RA8876
            CODE    E814H     000CH     UNIT         ?PR?VSCAN_B_TO_T?RA8876
            CODE    E820H     000CH     UNIT         ?PR?PDATA_SET_RGB?RA8876
            CODE    E82CH     000CH     UNIT         ?PR?PDATA_IDLE_STATE?RA8876
            CODE    E838H     000CH     UNIT         ?PR?POWER_SAVING_SUSPEND_MODE?RA8876
            CODE    E844H     000CH     UNIT         ?PR?POWER_SAVING_SLEEP_MODE?RA8876
            CODE    E850H     000CH     UNIT         ?PR?_ABS?ABS
            CODE    E85CH     000BH     UNIT         ?PR?POWER_NORMAL_MODE?RA8876
            CODE    E867H     000AH     UNIT         ?PR?_TRIANGLE_POINT1_XY?RA8876
            CODE    E871H     000AH     UNIT         ?PR?_SQUARE_START_XY?RA8876
            CODE    E87BH     0009H     UNIT         ?PR?READ_INTERRUPT_STATUS?RA8876
            CODE    E884H     0009H     UNIT         ?PR?RA8876_I2CM_RECEIVER_DATA?RA8876
            CODE    E88DH     0009H     UNIT         ?PR?READ_GPIO_A_7_0?RA8876
            CODE    E896H     0009H     UNIT         ?PR?READ_GPIO_B_7_0?RA8876
            CODE    E89FH     0009H     UNIT         ?PR?READ_GPIO_C_7_0?RA8876
            CODE    E8A8H     0009H     UNIT         ?PR?READ_GPIO_D_7_0?RA8876
            CODE    E8B1H     0009H     UNIT         ?PR?READ_GPIO_E_7_0?RA8876
            CODE    E8BAH     0009H     UNIT         ?PR?READ_GPIO_F_7_0?RA8876
            CODE    E8C3H     0009H     UNIT         ?PR?READ_KEY_STROBE_DATA_0?RA8876
            CODE    E8CCH     0009H     UNIT         ?PR?READ_KEY_STROBE_DATA_1?RA8876
            CODE    E8D5H     0009H     UNIT         ?PR?READ_KEY_STROBE_DATA_2?RA8876
            CODE    E8DEH     0008H     UNIT         ?PR?CHECK_MEM_WR_FIFO_EMPTY?RA8876
            CODE    E8E6H     0008H     UNIT         ?PR?CHECK_MEM_RD_FIFO_NOT_FULL?RA8876
            CODE    E8EEH     0008H     UNIT         ?PR?CHECK_MEM_RD_FIFO_NOT_EMPTY?RA8876
            CODE    E8F6H     0008H     UNIT         ?PR?CHECK_2D_BUSY?RA8876
            CODE    E8FEH     0008H     UNIT         ?PR?CHECK_SDRAM_READY?RA8876
            CODE    E906H     0008H     UNIT         ?PR?CHECK_POWER_IS_NORMAL?RA8876
            CODE    E90EH     0008H     UNIT         ?PR?CHECK_POWER_IS_SAVING?RA8876
            CODE    E916H     0008H     UNIT         ?PR?CHECK_NO_INTERRUPT?RA8876
            CODE    E91EH     0008H     UNIT         ?PR?CHECK_INTERRUPT_OCCUR?RA8876
BL51 BANKED LINKER/LOCATER V6.22                                                      08/26/2015  16:38:21  PAGE 11


            CODE    E926H     0008H     UNIT         ?PR?CHECK_BUSY_DRAW?RA8876
            CODE    E92EH     0008H     UNIT         ?PR?CHECK_BTE_BUSY?RA8876
            CODE    E936H     0007H     UNIT         ?PR?_LCD_REGISTERREAD?RA8876
            CODE    E93DH     0007H     UNIT         ?PR?_SET_GRAPHIC_CURSOR_COLOR_1?RA8876
            CODE    E944H     0005H     UNIT         ?PR?LCD_WRITERAM_PREPARE?RA8876
            CODE    E949H     0005H     UNIT         ?PR?RA8876_I2CM_STOP?RA8876
            CODE    E94EH     0005H     UNIT         ?PR?RA8876_I2CM_READ_WITH_ACK?RA8876
            CODE    E953H     0005H     UNIT         ?PR?RA8876_I2CM_READ_WITH_NACK?RA8876
            CODE    E958H     0005H     UNIT         ?PR?RA8876_I2CM_WRITE_WITH_START?RA8876
            CODE    E95DH     0005H     UNIT         ?PR?RA8876_I2CM_WRITE?RA8876



OVERLAY MAP OF MODULE:   sd (RA8876)


SEGMENT                                            XDATA_GROUP
  +--> CALLED SEGMENT                            START    LENGTH
----------------------------------------------------------------
?C_C51STARTUP                                    -----    -----
  +--> ?PR?MAIN?RA8876
  +--> ?C_INITSEG

?PR?MAIN?RA8876                                  -----    -----
  +--> ?PR?_DELAY_MS?RA8876
  +--> ?PR?RA8876_HW_RESET?RA8876
  +--> ?PR?LCD_STATUSREAD?RA8876
  +--> ?PR?RA8876_INITIAL?RA8876
  +--> ?PR?DISPLAY_ON?RA8876
  +--> ?PR?START_SQUARE_FILL?RA8876
  +--> ?PR?ENABLE_PWM0_INTERRUPT?RA8876
  +--> ?PR?CLEAR_PWM0_INTERRUPT_FLAG?RA8876
  +--> ?PR?MASK_PWM0_INTERRUPT_FLAG?RA8876
  +--> ?PR?SELECT_PWM0_CLOCK_DIVIDED_BY_2?RA...
  +--> ?PR?SELECT_PWM0?RA8876
  +--> ?PR?ENABLE_PWM0_DEAD_ZONE?RA8876
  +--> ?PR?AUTO_RELOAD_PWM0?RA8876
  +--> ?PR?START_PWM0?RA8876
  +--> ?PR?_SET_TIMER0_COMPARE_BUFFER?RA8876
  +--> ?PR?GEOMETRIC?RA8876
  +--> ?PR?TEXT_DEMO?RA8876
  +--> ?PR?MONO_DEMO?RA8876
  +--> ?PR?GRAY?RA8876
  +--> ?PR?TPTEST?RA8876
  +--> ?PR?DISPLAY_JPG_SDCARD?RA8876
  +--> ?PR?DMA_DEMO?RA8876
  +--> ?PR?BTE_COMPARE?RA8876
  +--> ?PR?BTE_PATTERN_FILL?RA8876
  +--> ?PR?BTE_COLOR_EXPANSION?RA8876
  +--> ?PR?PIP_DEMO?RA8876
  +--> ?PR?APP_DEMO_WAVEFORM?RA8876
  +--> ?PR?APP_DEMO_SCROLLING_TEXT?RA8876
  +--> ?PR?APP_DEMO_SLIDE_FRAME_BUFFER?RA8876
  +--> ?PR?APP_DEMO_MULTI_FRAME_BUFFER?RA8876
  +--> ?PR?APP_DEMO_ALPHA_BLENDING?RA8876

?PR?_DELAY_MS?RA8876                             -----    -----
BL51 BANKED LINKER/LOCATER V6.22                                                      08/26/2015  16:38:21  PAGE 12


  +--> ?PR?_PIP_DISPLAY_START_XY?RA8876

?PR?_PIP_DISPLAY_START_XY?RA8876                 023FH    0002H
  +--> ?PR?_LCD_REGISTERWRITE?RA8876

?PR?_LCD_REGISTERWRITE?RA8876                    -----    -----
  +--> ?PR?_LCD_CMDWRITE?RA8876
  +--> ?PR?_LCD_DATAWRITE?RA8876

?PR?_LCD_CMDWRITE?RA8876                         -----    -----
  +--> ?PR?_LCD_DATAWRITE?RA8876

?PR?RA8876_HW_RESET?RA8876                       -----    -----
  +--> ?PR?_DELAY_MS?RA8876

?PR?LCD_STATUSREAD?RA8876                        023FH    0001H

?PR?RA8876_INITIAL?RA8876                        -----    -----
  +--> ?PR?RA8876_SW_RESET?RA8876
  +--> ?PR?RA8876_PLL_INITIAL?RA8876
  +--> ?PR?RA8876_SDRAM_INITAIL?RA8876
  +--> ?PR?TFT_24BIT?RA8876
  +--> ?PR?HOST_BUS_8BIT?RA8876
  +--> ?PR?RGB_8B_16BPP?RA8876
  +--> ?PR?MEMWRITE_LEFT_RIGHT_TOP_DOWN?RA8876
  +--> ?PR?GRAPHIC_MODE?RA8876
  +--> ?PR?MEMORY_SELECT_SDRAM?RA8876
  +--> ?PR?HSCAN_L_TO_R?RA8876
  +--> ?PR?VSCAN_T_TO_B?RA8876
  +--> ?PR?PDATA_SET_RGB?RA8876
  +--> ?PR?PCLK_FALLING?RA8876
  +--> ?PR?DE_HIGH_ACTIVE?RA8876
  +--> ?PR?HSYNC_HIGH_ACTIVE?RA8876
  +--> ?PR?VSYNC_HIGH_ACTIVE?RA8876
  +--> ?PR?_LCD_HORIZONTALWIDTH_VERTICALHEIG...
  +--> ?PR?_LCD_HORIZONTAL_NON_DISPLAY?RA8876
  +--> ?PR?_LCD_HSYNC_START_POSITION?RA8876
  +--> ?PR?_LCD_HSYNC_PULSE_WIDTH?RA8876
  +--> ?PR?_LCD_VERTICAL_NON_DISPLAY?RA8876
  +--> ?PR?_LCD_VSYNC_START_POSITION?RA8876
  +--> ?PR?_LCD_VSYNC_PULSE_WIDTH?RA8876
  +--> ?PR?SELECT_MAIN_WINDOW_16BPP?RA8876
  +--> ?PR?_MAIN_IMAGE_START_ADDRESS?RA8876
  +--> ?PR?_MAIN_IMAGE_WIDTH?RA8876
  +--> ?PR?_MAIN_WINDOW_START_XY?RA8876
  +--> ?PR?_CANVAS_IMAGE_START_ADDRESS?RA8876
  +--> ?PR?_CANVAS_IMAGE_WIDTH?RA8876
  +--> ?PR?_ACTIVE_WINDOW_XY?RA8876
  +--> ?PR?_ACTIVE_WINDOW_WH?RA8876
  +--> ?PR?MEMORY_XY_MODE?RA8876
  +--> ?PR?MEMORY_16BPP_MODE?RA8876

?PR?RA8876_SW_RESET?RA8876                       -----    -----
  +--> ?PR?_LCD_CMDWRITE?RA8876
  +--> ?PR?LCD_DATAREAD?RA8876
  +--> ?PR?_LCD_DATAWRITE?RA8876

BL51 BANKED LINKER/LOCATER V6.22                                                      08/26/2015  16:38:21  PAGE 13


?PR?LCD_DATAREAD?RA8876                          023FH    0001H
  +--> ?PR?_LCD_CMDWRITE?RA8876

?PR?RA8876_PLL_INITIAL?RA8876                    0213H    001AH
  +--> ?PR?_LCD_CMDWRITE?RA8876
  +--> ?PR?_LCD_DATAWRITE?RA8876
  +--> ?PR?_DELAY_US?RA8876
  +--> ?PR?_DELAY_MS?RA8876

?PR?RA8876_SDRAM_INITAIL?RA8876                  -----    -----
  +--> ?PR?_LCD_REGISTERWRITE?RA8876
  +--> ?PR?CHECK_SDRAM_READY?RA8876
  +--> ?PR?_DELAY_MS?RA8876

?PR?CHECK_SDRAM_READY?RA8876                     -----    -----
  +--> ?PR?LCD_STATUSREAD?RA8876

?PR?TFT_24BIT?RA8876                             -----    -----
  +--> ?PR?_LCD_CMDWRITE?RA8876
  +--> ?PR?LCD_DATAREAD?RA8876
  +--> ?PR?_LCD_DATAWRITE?RA8876

?PR?HOST_BUS_8BIT?RA8876                         -----    -----
  +--> ?PR?_LCD_CMDWRITE?RA8876
  +--> ?PR?LCD_DATAREAD?RA8876
  +--> ?PR?_LCD_DATAWRITE?RA8876

?PR?RGB_8B_16BPP?RA8876                          -----    -----
  +--> ?PR?_LCD_CMDWRITE?RA8876
  +--> ?PR?LCD_DATAREAD?RA8876
  +--> ?PR?_LCD_DATAWRITE?RA8876

?PR?MEMWRITE_LEFT_RIGHT_TOP_DOWN?RA8876          -----    -----
  +--> ?PR?_LCD_CMDWRITE?RA8876
  +--> ?PR?LCD_DATAREAD?RA8876
  +--> ?PR?_LCD_DATAWRITE?RA8876

?PR?GRAPHIC_MODE?RA8876                          -----    -----
  +--> ?PR?_LCD_CMDWRITE?RA8876
  +--> ?PR?LCD_DATAREAD?RA8876
  +--> ?PR?_LCD_DATAWRITE?RA8876

?PR?MEMORY_SELECT_SDRAM?RA8876                   -----    -----
  +--> ?PR?_LCD_CMDWRITE?RA8876
  +--> ?PR?LCD_DATAREAD?RA8876
  +--> ?PR?_LCD_DATAWRITE?RA8876

?PR?HSCAN_L_TO_R?RA8876                          -----    -----
  +--> ?PR?LCD_DATAREAD?RA8876
  +--> ?PR?_LCD_DATAWRITE?RA8876

?PR?VSCAN_T_TO_B?RA8876                          -----    -----
  +--> ?PR?LCD_DATAREAD?RA8876
  +--> ?PR?_LCD_DATAWRITE?RA8876

?PR?PDATA_SET_RGB?RA8876                         -----    -----
  +--> ?PR?LCD_DATAREAD?RA8876
BL51 BANKED LINKER/LOCATER V6.22                                                      08/26/2015  16:38:21  PAGE 14


  +--> ?PR?_LCD_DATAWRITE?RA8876

?PR?PCLK_FALLING?RA8876                          -----    -----
  +--> ?PR?LCD_DATAREAD?RA8876
  +--> ?PR?_LCD_DATAWRITE?RA8876

?PR?DE_HIGH_ACTIVE?RA8876                        -----    -----
  +--> ?PR?_LCD_CMDWRITE?RA8876
  +--> ?PR?LCD_DATAREAD?RA8876
  +--> ?PR?_LCD_DATAWRITE?RA8876

?PR?HSYNC_HIGH_ACTIVE?RA8876                     -----    -----
  +--> ?PR?_LCD_CMDWRITE?RA8876
  +--> ?PR?LCD_DATAREAD?RA8876
  +--> ?PR?_LCD_DATAWRITE?RA8876

?PR?VSYNC_HIGH_ACTIVE?RA8876                     -----    -----
  +--> ?PR?_LCD_CMDWRITE?RA8876
  +--> ?PR?LCD_DATAREAD?RA8876
  +--> ?PR?_LCD_DATAWRITE?RA8876

?PR?_LCD_HORIZONTALWIDTH_VERTICALHEIG...         0213H    0002H
  +--> ?PR?_LCD_CMDWRITE?RA8876
  +--> ?PR?_LCD_DATAWRITE?RA8876

?PR?_LCD_HORIZONTAL_NON_DISPLAY?RA8876           -----    -----
  +--> ?PR?_LCD_CMDWRITE?RA8876
  +--> ?PR?_LCD_DATAWRITE?RA8876

?PR?_LCD_HSYNC_START_POSITION?RA8876             -----    -----
  +--> ?PR?_LCD_CMDWRITE?RA8876
  +--> ?PR?_LCD_DATAWRITE?RA8876

?PR?_LCD_HSYNC_PULSE_WIDTH?RA8876                -----    -----
  +--> ?PR?_LCD_CMDWRITE?RA8876
  +--> ?PR?_LCD_DATAWRITE?RA8876

?PR?_LCD_VERTICAL_NON_DISPLAY?RA8876             -----    -----
  +--> ?PR?_LCD_CMDWRITE?RA8876
  +--> ?PR?_LCD_DATAWRITE?RA8876

?PR?_LCD_VSYNC_START_POSITION?RA8876             -----    -----
  +--> ?PR?_LCD_CMDWRITE?RA8876
  +--> ?PR?_LCD_DATAWRITE?RA8876

?PR?_LCD_VSYNC_PULSE_WIDTH?RA8876                -----    -----
  +--> ?PR?_LCD_CMDWRITE?RA8876
  +--> ?PR?_LCD_DATAWRITE?RA8876

?PR?SELECT_MAIN_WINDOW_16BPP?RA8876              -----    -----
  +--> ?PR?_LCD_CMDWRITE?RA8876
  +--> ?PR?LCD_DATAREAD?RA8876
  +--> ?PR?_LCD_DATAWRITE?RA8876

?PR?_MAIN_IMAGE_START_ADDRESS?RA8876             0243H    0004H
  +--> ?PR?_LCD_REGISTERWRITE?RA8876

BL51 BANKED LINKER/LOCATER V6.22                                                      08/26/2015  16:38:21  PAGE 15


?PR?_MAIN_IMAGE_WIDTH?RA8876                     -----    -----
  +--> ?PR?_LCD_REGISTERWRITE?RA8876

?PR?_MAIN_WINDOW_START_XY?RA8876                 0241H    0002H
  +--> ?PR?_MAIN_IMAGE_START_ADDRESS?RA8876
  +--> ?PR?_MAIN_IMAGE_WIDTH?RA8876
  +--> ?PR?_LCD_REGISTERWRITE?RA8876

?PR?_CANVAS_IMAGE_START_ADDRESS?RA8876           0241H    0004H
  +--> ?PR?_LCD_REGISTERWRITE?RA8876

?PR?_CANVAS_IMAGE_WIDTH?RA8876                   -----    -----
  +--> ?PR?_LCD_REGISTERWRITE?RA8876

?PR?_ACTIVE_WINDOW_XY?RA8876                     0241H    0002H
  +--> ?PR?_CANVAS_IMAGE_WIDTH?RA8876
  +--> ?PR?_LCD_REGISTERWRITE?RA8876

?PR?_ACTIVE_WINDOW_WH?RA8876                     023FH    0002H
  +--> ?PR?_MAIN_IMAGE_START_ADDRESS?RA8876
  +--> ?PR?_MAIN_IMAGE_WIDTH?RA8876
  +--> ?PR?_MAIN_WINDOW_START_XY?RA8876
  +--> ?PR?_CANVAS_IMAGE_START_ADDRESS?RA8876
  +--> ?PR?_CANVAS_IMAGE_WIDTH?RA8876
  +--> ?PR?_ACTIVE_WINDOW_XY?RA8876
  +--> ?PR?_LCD_REGISTERWRITE?RA8876

?PR?MEMORY_XY_MODE?RA8876                        -----    -----
  +--> ?PR?_LCD_CMDWRITE?RA8876
  +--> ?PR?LCD_DATAREAD?RA8876
  +--> ?PR?_LCD_DATAWRITE?RA8876

?PR?MEMORY_16BPP_MODE?RA8876                     -----    -----
  +--> ?PR?_LCD_CMDWRITE?RA8876
  +--> ?PR?LCD_DATAREAD?RA8876
  +--> ?PR?_LCD_DATAWRITE?RA8876

?PR?DISPLAY_ON?RA8876                            -----    -----
  +--> ?PR?LCD_DATAREAD?RA8876
  +--> ?PR?_LCD_DATAWRITE?RA8876

?PR?START_SQUARE_FILL?RA8876                     -----    -----
  +--> ?PR?_DELAY_MS?RA8876
  +--> ?PR?_FOREGROUND_COLOR_65K?RA8876
  +--> ?PR?_LINE_START_XY?RA8876
  +--> ?PR?_LINE_END_XY?RA8876
  +--> ?PR?_LCD_CMDWRITE?RA8876
  +--> ?PR?_LCD_DATAWRITE?RA8876
  +--> ?PR?CHECK_BUSY_DRAW?RA8876

?PR?_FOREGROUND_COLOR_65K?RA8876                 -----    -----
  +--> ?PR?_LCD_CMDWRITE?RA8876
  +--> ?PR?_LCD_DATAWRITE?RA8876

?PR?_LINE_START_XY?RA8876                        -----    -----
  +--> ?PR?_CANVAS_IMAGE_START_ADDRESS?RA8876
  +--> ?PR?_FOREGROUND_COLOR_65K?RA8876
BL51 BANKED LINKER/LOCATER V6.22                                                      08/26/2015  16:38:21  PAGE 16


  +--> ?PR?_LCD_CMDWRITE?RA8876
  +--> ?PR?_LCD_DATAWRITE?RA8876

?PR?_LINE_END_XY?RA8876                          -----    -----
  +--> ?PR?_FOREGROUND_COLOR_65K?RA8876
  +--> ?PR?_LINE_START_XY?RA8876
  +--> ?PR?_LCD_CMDWRITE?RA8876
  +--> ?PR?_LCD_DATAWRITE?RA8876

?PR?CHECK_BUSY_DRAW?RA8876                       -----    -----
  +--> ?PR?LCD_STATUSREAD?RA8876

?PR?ENABLE_PWM0_INTERRUPT?RA8876                 -----    -----
  +--> ?PR?_LCD_CMDWRITE?RA8876
  +--> ?PR?LCD_DATAREAD?RA8876
  +--> ?PR?_LCD_DATAWRITE?RA8876

?PR?CLEAR_PWM0_INTERRUPT_FLAG?RA8876             -----    -----
  +--> ?PR?_LCD_CMDWRITE?RA8876
  +--> ?PR?LCD_DATAREAD?RA8876
  +--> ?PR?_LCD_DATAWRITE?RA8876

?PR?MASK_PWM0_INTERRUPT_FLAG?RA8876              -----    -----
  +--> ?PR?_LCD_CMDWRITE?RA8876
  +--> ?PR?LCD_DATAREAD?RA8876
  +--> ?PR?_LCD_DATAWRITE?RA8876

?PR?SELECT_PWM0_CLOCK_DIVIDED_BY_2?RA...         -----    -----
  +--> ?PR?_LCD_CMDWRITE?RA8876
  +--> ?PR?LCD_DATAREAD?RA8876
  +--> ?PR?_LCD_DATAWRITE?RA8876

?PR?SELECT_PWM0?RA8876                           -----    -----
  +--> ?PR?_LCD_CMDWRITE?RA8876
  +--> ?PR?LCD_DATAREAD?RA8876
  +--> ?PR?_LCD_DATAWRITE?RA8876

?PR?ENABLE_PWM0_DEAD_ZONE?RA8876                 -----    -----
  +--> ?PR?_LCD_CMDWRITE?RA8876
  +--> ?PR?LCD_DATAREAD?RA8876
  +--> ?PR?_LCD_DATAWRITE?RA8876

?PR?AUTO_RELOAD_PWM0?RA8876                      -----    -----
  +--> ?PR?_LCD_CMDWRITE?RA8876
  +--> ?PR?LCD_DATAREAD?RA8876
  +--> ?PR?_LCD_DATAWRITE?RA8876

?PR?START_PWM0?RA8876                            -----    -----
  +--> ?PR?_LCD_CMDWRITE?RA8876
  +--> ?PR?LCD_DATAREAD?RA8876
  +--> ?PR?_LCD_DATAWRITE?RA8876

?PR?_SET_TIMER0_COMPARE_BUFFER?RA8876            -----    -----
  +--> ?PR?_LCD_CMDWRITE?RA8876
  +--> ?PR?_LCD_DATAWRITE?RA8876

?PR?GEOMETRIC?RA8876                             0213H    0002H
BL51 BANKED LINKER/LOCATER V6.22                                                      08/26/2015  16:38:21  PAGE 17


  +--> ?PR?SELECT_MAIN_WINDOW_16BPP?RA8876
  +--> ?PR?_ACTIVE_WINDOW_WH?RA8876
  +--> ?PR?START_SQUARE_FILL?RA8876
  +--> ?PR?START_SQUARE?RA8876
  +--> ?PR?_DELAY_MS?RA8876
  +--> ?PR?START_CIRCLE_SQUARE?RA8876
  +--> ?PR?_CIRCLE_CENTER_XY?RA8876
  +--> ?PR?_CIRCLE_RADIUS_R?RA8876
  +--> ?PR?START_CIRCLE_OR_ELLIPSE?RA8876
  +--> ?PR?START_TRIANGLE?RA8876
  +--> ?PR?_FOREGROUND_COLOR_65K?RA8876
  +--> ?PR?_LINE_START_XY?RA8876
  +--> ?PR?_LINE_END_XY?RA8876
  +--> ?PR?START_LINE?RA8876

?PR?START_SQUARE?RA8876                          -----    -----
  +--> ?PR?_FOREGROUND_COLOR_65K?RA8876
  +--> ?PR?_LINE_START_XY?RA8876
  +--> ?PR?_LINE_END_XY?RA8876
  +--> ?PR?_LCD_CMDWRITE?RA8876
  +--> ?PR?_LCD_DATAWRITE?RA8876
  +--> ?PR?CHECK_BUSY_DRAW?RA8876

?PR?START_CIRCLE_SQUARE?RA8876                   -----    -----
  +--> ?PR?_FOREGROUND_COLOR_65K?RA8876
  +--> ?PR?_LINE_START_XY?RA8876
  +--> ?PR?_LINE_END_XY?RA8876
  +--> ?PR?_CIRCLE_SQUARE_RADIUS_RXRY?RA8876
  +--> ?PR?_LCD_CMDWRITE?RA8876
  +--> ?PR?_LCD_DATAWRITE?RA8876
  +--> ?PR?CHECK_BUSY_DRAW?RA8876

?PR?_CIRCLE_SQUARE_RADIUS_RXRY?RA8876            -----    -----
  +--> ?PR?_LCD_CMDWRITE?RA8876
  +--> ?PR?_LCD_DATAWRITE?RA8876

?PR?_CIRCLE_CENTER_XY?RA8876                     -----    -----
  +--> ?PR?_FOREGROUND_COLOR_65K?RA8876
  +--> ?PR?_LCD_CMDWRITE?RA8876
  +--> ?PR?_LCD_DATAWRITE?RA8876

?PR?_CIRCLE_RADIUS_R?RA8876                      -----    -----
  +--> ?PR?_LCD_CMDWRITE?RA8876
  +--> ?PR?_LCD_DATAWRITE?RA8876

?PR?START_CIRCLE_OR_ELLIPSE?RA8876               -----    -----
  +--> ?PR?_ELLIPSE_RADIUS_RXRY?RA8876
  +--> ?PR?_LCD_CMDWRITE?RA8876
  +--> ?PR?_LCD_DATAWRITE?RA8876
  +--> ?PR?CHECK_BUSY_DRAW?RA8876

?PR?_ELLIPSE_RADIUS_RXRY?RA8876                  -----    -----
  +--> ?PR?_LCD_CMDWRITE?RA8876
  +--> ?PR?_LCD_DATAWRITE?RA8876

?PR?START_TRIANGLE?RA8876                        -----    -----
  +--> ?PR?_FOREGROUND_COLOR_65K?RA8876
BL51 BANKED LINKER/LOCATER V6.22                                                      08/26/2015  16:38:21  PAGE 18


  +--> ?PR?_TRIANGLE_POINT1_XY?RA8876
  +--> ?PR?_TRIANGLE_POINT2_XY?RA8876
  +--> ?PR?_TRIANGLE_POINT3_XY?RA8876
  +--> ?PR?_LCD_CMDWRITE?RA8876
  +--> ?PR?_LCD_DATAWRITE?RA8876
  +--> ?PR?CHECK_BUSY_DRAW?RA8876

?PR?_TRIANGLE_POINT1_XY?RA8876                   -----    -----
  +--> ?PR?_LCD_CMDWRITE?RA8876
  +--> ?PR?_LCD_DATAWRITE?RA8876

?PR?_TRIANGLE_POINT2_XY?RA8876                   -----    -----
  +--> ?PR?_LCD_CMDWRITE?RA8876
  +--> ?PR?_LCD_DATAWRITE?RA8876

?PR?_TRIANGLE_POINT3_XY?RA8876                   -----    -----
  +--> ?PR?_LCD_CMDWRITE?RA8876
  +--> ?PR?_LCD_DATAWRITE?RA8876

?PR?START_LINE?RA8876                            -----    -----
  +--> ?PR?_FOREGROUND_COLOR_65K?RA8876
  +--> ?PR?_LINE_START_XY?RA8876
  +--> ?PR?_LINE_END_XY?RA8876
  +--> ?PR?_LCD_CMDWRITE?RA8876
  +--> ?PR?_LCD_DATAWRITE?RA8876
  +--> ?PR?CHECK_BUSY_DRAW?RA8876

?PR?TEXT_DEMO?RA8876                             0213H    0004H
  +--> ?PR?SELECT_MAIN_WINDOW_16BPP?RA8876
  +--> ?PR?_ACTIVE_WINDOW_WH?RA8876
  +--> ?PR?_LINE_START_XY?RA8876
  +--> ?PR?START_SQUARE_FILL?RA8876
  +--> ?PR?_FOREGROUND_COLOR_65K?RA8876
  +--> ?CO?RA8876
  +--> ?PR?_LCD_DISPLAYSTRING?RA8876
  +--> ?PR?_BACKGROUND_COLOR_65K?RA8876
  +--> ?PR?CGROM_SELECT_INTERNAL_CGROM?RA8876
  +--> ?PR?FONT_SELECT_12X24_24X24?RA8876
  +--> ?PR?_GOTO_TEXT_XY?RA8876
  +--> ?PR?_SHOW_STRING?RA8876
  +--> ?PR?NEXTSTEP?RA8876
  +--> ?PR?FONT_SELECT_8X16_16X16?RA8876
  +--> ?PR?FONT_SELECT_16X32_32X32?RA8876
  +--> ?PR?FONT_WIDTH_X1?RA8876
  +--> ?PR?FONT_HEIGHT_X1?RA8876
  +--> ?PR?CGROM_SELECT_GENITOP_FONTROM?RA8876
  +--> ?PR?GTFONT_SELECT_GT23L24T3Y_GT23H24T...
  +--> ?PR?SELECT_SFI_0?RA8876
  +--> ?PR?SELECT_SFI_FONT_MODE?RA8876
  +--> ?PR?SELECT_SFI_24BIT_ADDRESS?RA8876
  +--> ?PR?SELECT_SFI_WAVEFORM_MODE_0?RA8876
  +--> ?PR?SELECT_SFI_0_DUMMYREAD?RA8876
  +--> ?PR?SELECT_SFI_SINGLE_MODE?RA8876
  +--> ?PR?_SPI_CLOCK_PERIOD?RA8876
  +--> ?PR?ENABLE_SFLASH_SPI?RA8876
  +--> ?PR?_SET_GTFONT_DECODER?RA8876
  +--> ?PR?FONT_BACKGROUND_SELECT_TRANSPAREN...
BL51 BANKED LINKER/LOCATER V6.22                                                      08/26/2015  16:38:21  PAGE 19


  +--> ?PR?_ACTIVE_WINDOW_XY?RA8876
  +--> ?PR?_GOTO_PIXEL_XY?RA8876
  +--> ?PR?_SHOW_PICTURE?RA8876
  +--> ?PR?FONT_BACKGROUND_SELECT_COLOR?RA8876
  +--> ?PR?TEXT_CURSOR_INITIAL?RA8876
  +--> ?PR?_DELAY_MS?RA8876
  +--> ?PR?_TEXT_CURSOR_H_V?RA8876
  +--> ?PR?DISABLE_TEXT_CURSOR?RA8876
  +--> ?PR?_SET_GRAPHIC_CURSOR_COLOR_2?RA8876
  +--> ?PR?GRAPHIC_CURSOR_INITIAL?RA8876
  +--> ?PR?_GRAPHIC_CURSOR_XY?RA8876
  +--> ?PR?SELECT_GRAPHIC_CURSOR_1?RA8876
  +--> ?PR?SELECT_GRAPHIC_CURSOR_2?RA8876
  +--> ?PR?SELECT_GRAPHIC_CURSOR_3?RA8876
  +--> ?PR?SELECT_GRAPHIC_CURSOR_4?RA8876
  +--> ?PR?DISABLE_GRAPHIC_CURSOR?RA8876

?PR?_LCD_DISPLAYSTRING?RA8876                    0217H    000FH
  +--> ?PR?_LCD_PUTCHAR?RA8876

?PR?_LCD_PUTCHAR?RA8876                          0226H    000FH
  +--> ?CO?RA8876
  +--> ?PR?_LCD_SETPOINT?RA8876

?PR?_LCD_SETPOINT?RA8876                         0261H    0002H
  +--> ?PR?_LCD_SETCURSOR?RA8876
  +--> ?PR?LCD_WRITERAM_PREPARE?RA8876
  +--> ?PR?_LCD_DATAWRITE?RA8876

?PR?_LCD_SETCURSOR?RA8876                        -----    -----
  +--> ?PR?_LCD_CMDWRITE?RA8876
  +--> ?PR?_LCD_DATAWRITE?RA8876

?PR?LCD_WRITERAM_PREPARE?RA8876                  -----    -----
  +--> ?PR?_LCD_CMDWRITE?RA8876

?PR?_BACKGROUND_COLOR_65K?RA8876                 -----    -----
  +--> ?PR?_FOREGROUND_COLOR_65K?RA8876
  +--> ?PR?_LCD_CMDWRITE?RA8876
  +--> ?PR?_LCD_DATAWRITE?RA8876

?PR?CGROM_SELECT_INTERNAL_CGROM?RA8876           -----    -----
  +--> ?PR?_FOREGROUND_COLOR_65K?RA8876
  +--> ?PR?_BACKGROUND_COLOR_65K?RA8876
  +--> ?PR?_LCD_CMDWRITE?RA8876
  +--> ?PR?LCD_DATAREAD?RA8876
  +--> ?PR?_LCD_DATAWRITE?RA8876

?PR?FONT_SELECT_12X24_24X24?RA8876               -----    -----
  +--> ?PR?_FOREGROUND_COLOR_65K?RA8876
  +--> ?PR?_BACKGROUND_COLOR_65K?RA8876
  +--> ?PR?_LCD_CMDWRITE?RA8876
  +--> ?PR?LCD_DATAREAD?RA8876
  +--> ?PR?_LCD_DATAWRITE?RA8876

?PR?_GOTO_TEXT_XY?RA8876                         023DH    0002H
  +--> ?PR?_LCD_REGISTERWRITE?RA8876
BL51 BANKED LINKER/LOCATER V6.22                                                      08/26/2015  16:38:21  PAGE 20



?PR?_SHOW_STRING?RA8876                          -----    -----
  +--> ?PR?_GOTO_TEXT_XY?RA8876
  +--> ?CO?RA8876
  +--> ?PR?TEXT_MODE?RA8876
  +--> ?PR?_LCD_CMDWRITE?RA8876
  +--> ?PR?_LCD_DATAWRITE?RA8876
  +--> ?PR?CHECK_MEM_WR_FIFO_NOT_FULL?RA8876
  +--> ?PR?CHECK_2D_BUSY?RA8876
  +--> ?PR?GRAPHIC_MODE?RA8876

?PR?TEXT_MODE?RA8876                             -----    -----
  +--> ?PR?_LCD_CMDWRITE?RA8876
  +--> ?PR?LCD_DATAREAD?RA8876
  +--> ?PR?_LCD_DATAWRITE?RA8876

?PR?CHECK_MEM_WR_FIFO_NOT_FULL?RA8876            -----    -----
  +--> ?PR?_LCD_DATAWRITE?RA8876
  +--> ?PR?LCD_STATUSREAD?RA8876

?PR?CHECK_2D_BUSY?RA8876                         -----    -----
  +--> ?PR?LCD_STATUSREAD?RA8876

?PR?NEXTSTEP?RA8876                              -----    -----
  +--> ?PR?_DELAY100MS?RA8876

?PR?_DELAY100MS?RA8876                           0223H    0002H
  +--> ?PR?_DELAY_MS?RA8876

?PR?FONT_SELECT_8X16_16X16?RA8876                -----    -----
  +--> ?PR?_LCD_CMDWRITE?RA8876
  +--> ?PR?LCD_DATAREAD?RA8876
  +--> ?PR?_LCD_DATAWRITE?RA8876

?PR?FONT_SELECT_16X32_32X32?RA8876               -----    -----
  +--> ?PR?_LCD_CMDWRITE?RA8876
  +--> ?PR?LCD_DATAREAD?RA8876
  +--> ?PR?_LCD_DATAWRITE?RA8876

?PR?FONT_WIDTH_X1?RA8876                         -----    -----
  +--> ?PR?_LCD_CMDWRITE?RA8876
  +--> ?PR?LCD_DATAREAD?RA8876
  +--> ?PR?_LCD_DATAWRITE?RA8876

?PR?FONT_HEIGHT_X1?RA8876                        -----    -----
  +--> ?PR?_LCD_CMDWRITE?RA8876
  +--> ?PR?LCD_DATAREAD?RA8876
  +--> ?PR?_LCD_DATAWRITE?RA8876

?PR?CGROM_SELECT_GENITOP_FONTROM?RA8876          -----    -----
  +--> ?PR?_LCD_CMDWRITE?RA8876
  +--> ?PR?LCD_DATAREAD?RA8876
  +--> ?PR?_LCD_DATAWRITE?RA8876

?PR?GTFONT_SELECT_GT23L24T3Y_GT23H24T...         -----    -----
  +--> ?PR?_LCD_CMDWRITE?RA8876
  +--> ?PR?LCD_DATAREAD?RA8876
BL51 BANKED LINKER/LOCATER V6.22                                                      08/26/2015  16:38:21  PAGE 21


  +--> ?PR?_LCD_DATAWRITE?RA8876

?PR?SELECT_SFI_0?RA8876                          -----    -----
  +--> ?PR?_LCD_CMDWRITE?RA8876
  +--> ?PR?LCD_DATAREAD?RA8876
  +--> ?PR?_LCD_DATAWRITE?RA8876

?PR?SELECT_SFI_FONT_MODE?RA8876                  -----    -----
  +--> ?PR?_LCD_CMDWRITE?RA8876
  +--> ?PR?LCD_DATAREAD?RA8876
  +--> ?PR?_LCD_DATAWRITE?RA8876

?PR?SELECT_SFI_24BIT_ADDRESS?RA8876              -----    -----
  +--> ?PR?_LCD_CMDWRITE?RA8876
  +--> ?PR?LCD_DATAREAD?RA8876
  +--> ?PR?_LCD_DATAWRITE?RA8876

?PR?SELECT_SFI_WAVEFORM_MODE_0?RA8876            -----    -----
  +--> ?PR?_LCD_CMDWRITE?RA8876
  +--> ?PR?LCD_DATAREAD?RA8876
  +--> ?PR?_LCD_DATAWRITE?RA8876

?PR?SELECT_SFI_0_DUMMYREAD?RA8876                -----    -----
  +--> ?PR?_LCD_CMDWRITE?RA8876
  +--> ?PR?LCD_DATAREAD?RA8876
  +--> ?PR?_LCD_DATAWRITE?RA8876

?PR?SELECT_SFI_SINGLE_MODE?RA8876                -----    -----
  +--> ?PR?_LCD_CMDWRITE?RA8876
  +--> ?PR?LCD_DATAREAD?RA8876
  +--> ?PR?_LCD_DATAWRITE?RA8876

?PR?_SPI_CLOCK_PERIOD?RA8876                     -----    -----
  +--> ?PR?_LCD_CMDWRITE?RA8876
  +--> ?PR?_LCD_DATAWRITE?RA8876

?PR?ENABLE_SFLASH_SPI?RA8876                     -----    -----
  +--> ?PR?_LCD_CMDWRITE?RA8876
  +--> ?PR?LCD_DATAREAD?RA8876
  +--> ?PR?_LCD_DATAWRITE?RA8876

?PR?_SET_GTFONT_DECODER?RA8876                   -----    -----
  +--> ?PR?_LCD_CMDWRITE?RA8876
  +--> ?PR?_LCD_DATAWRITE?RA8876

?PR?FONT_BACKGROUND_SELECT_TRANSPAREN...         -----    -----
  +--> ?PR?_LCD_CMDWRITE?RA8876
  +--> ?PR?LCD_DATAREAD?RA8876
  +--> ?PR?_LCD_DATAWRITE?RA8876

?PR?_GOTO_PIXEL_XY?RA8876                        021BH    0002H
  +--> ?PR?_ACTIVE_WINDOW_WH?RA8876
  +--> ?PR?_LCD_REGISTERWRITE?RA8876

?PR?_SHOW_PICTURE?RA8876                         0217H    000BH
  +--> ?PR?_LCD_CMDWRITE?RA8876
  +--> ?PR?_LCD_DATAWRITE?RA8876
BL51 BANKED LINKER/LOCATER V6.22                                                      08/26/2015  16:38:21  PAGE 22


  +--> ?PR?CHECK_MEM_WR_FIFO_NOT_FULL?RA8876

?PR?FONT_BACKGROUND_SELECT_COLOR?RA8876          -----    -----
  +--> ?PR?_LCD_CMDWRITE?RA8876
  +--> ?PR?LCD_DATAREAD?RA8876
  +--> ?PR?_LCD_DATAWRITE?RA8876

?PR?TEXT_CURSOR_INITIAL?RA8876                   -----    -----
  +--> ?PR?ENABLE_TEXT_CURSOR_BLINKING?RA8876
  +--> ?PR?_BLINKING_TIME_FRAMES?RA8876
  +--> ?PR?_TEXT_CURSOR_H_V?RA8876
  +--> ?PR?ENABLE_TEXT_CURSOR?RA8876

?PR?ENABLE_TEXT_CURSOR_BLINKING?RA8876           -----    -----
  +--> ?PR?_LCD_CMDWRITE?RA8876
  +--> ?PR?LCD_DATAREAD?RA8876
  +--> ?PR?_LCD_DATAWRITE?RA8876

?PR?_BLINKING_TIME_FRAMES?RA8876                 -----    -----
  +--> ?PR?_LCD_CMDWRITE?RA8876
  +--> ?PR?_LCD_DATAWRITE?RA8876

?PR?_TEXT_CURSOR_H_V?RA8876                      -----    -----
  +--> ?PR?_LCD_CMDWRITE?RA8876
  +--> ?PR?_LCD_DATAWRITE?RA8876

?PR?ENABLE_TEXT_CURSOR?RA8876                    -----    -----
  +--> ?PR?_LCD_CMDWRITE?RA8876
  +--> ?PR?LCD_DATAREAD?RA8876
  +--> ?PR?_LCD_DATAWRITE?RA8876

?PR?DISABLE_TEXT_CURSOR?RA8876                   -----    -----
  +--> ?PR?_LCD_CMDWRITE?RA8876
  +--> ?PR?LCD_DATAREAD?RA8876
  +--> ?PR?_LCD_DATAWRITE?RA8876

?PR?_SET_GRAPHIC_CURSOR_COLOR_2?RA8876           -----    -----
  +--> ?PR?_SET_GRAPHIC_CURSOR_COLOR_1?RA8876
  +--> ?PR?_LCD_REGISTERWRITE?RA8876

?PR?_SET_GRAPHIC_CURSOR_COLOR_1?RA8876           -----    -----
  +--> ?PR?_LCD_REGISTERWRITE?RA8876

?PR?GRAPHIC_CURSOR_INITIAL?RA8876                -----    -----
  +--> ?PR?MEMORY_SELECT_GRAPHIC_CURSOR_RAM?...
  +--> ?PR?GRAPHIC_MODE?RA8876
  +--> ?PR?SELECT_GRAPHIC_CURSOR_1?RA8876
  +--> ?PR?_LCD_CMDWRITE?RA8876
  +--> ?CO?RA8876
  +--> ?PR?_LCD_DATAWRITE?RA8876
  +--> ?PR?SELECT_GRAPHIC_CURSOR_2?RA8876
  +--> ?PR?SELECT_GRAPHIC_CURSOR_3?RA8876
  +--> ?PR?SELECT_GRAPHIC_CURSOR_4?RA8876
  +--> ?PR?MEMORY_SELECT_SDRAM?RA8876
  +--> ?PR?_SET_GRAPHIC_CURSOR_COLOR_2?RA8876
  +--> ?PR?_GRAPHIC_CURSOR_XY?RA8876
  +--> ?PR?ENABLE_GRAPHIC_CURSOR?RA8876
BL51 BANKED LINKER/LOCATER V6.22                                                      08/26/2015  16:38:21  PAGE 23



?PR?MEMORY_SELECT_GRAPHIC_CURSOR_RAM?...         -----    -----
  +--> ?PR?_LCD_CMDWRITE?RA8876
  +--> ?PR?LCD_DATAREAD?RA8876
  +--> ?PR?_LCD_DATAWRITE?RA8876

?PR?SELECT_GRAPHIC_CURSOR_1?RA8876               -----    -----
  +--> ?PR?_LCD_CMDWRITE?RA8876
  +--> ?PR?LCD_DATAREAD?RA8876
  +--> ?PR?_LCD_DATAWRITE?RA8876

?PR?SELECT_GRAPHIC_CURSOR_2?RA8876               -----    -----
  +--> ?PR?_DELAY_MS?RA8876
  +--> ?PR?_LCD_CMDWRITE?RA8876
  +--> ?PR?LCD_DATAREAD?RA8876
  +--> ?PR?_LCD_DATAWRITE?RA8876

?PR?SELECT_GRAPHIC_CURSOR_3?RA8876               -----    -----
  +--> ?PR?_LCD_CMDWRITE?RA8876
  +--> ?PR?LCD_DATAREAD?RA8876
  +--> ?PR?_LCD_DATAWRITE?RA8876

?PR?SELECT_GRAPHIC_CURSOR_4?RA8876               -----    -----
  +--> ?PR?_LCD_CMDWRITE?RA8876
  +--> ?PR?LCD_DATAREAD?RA8876
  +--> ?PR?_LCD_DATAWRITE?RA8876

?PR?_GRAPHIC_CURSOR_XY?RA8876                    0217H    0002H
  +--> ?PR?_LCD_REGISTERWRITE?RA8876

?PR?ENABLE_GRAPHIC_CURSOR?RA8876                 -----    -----
  +--> ?PR?_LCD_CMDWRITE?RA8876
  +--> ?PR?LCD_DATAREAD?RA8876
  +--> ?PR?_LCD_DATAWRITE?RA8876

?PR?DISABLE_GRAPHIC_CURSOR?RA8876                -----    -----
  +--> ?PR?_LCD_CMDWRITE?RA8876
  +--> ?PR?LCD_DATAREAD?RA8876
  +--> ?PR?_LCD_DATAWRITE?RA8876

?PR?MONO_DEMO?RA8876                             -----    -----
  +--> ?PR?SELECT_MAIN_WINDOW_16BPP?RA8876
  +--> ?PR?_ACTIVE_WINDOW_WH?RA8876
  +--> ?PR?START_SQUARE_FILL?RA8876
  +--> ?PR?NEXTSTEP?RA8876

?PR?GRAY?RA8876                                  0213H    0006H
  +--> ?PR?SELECT_MAIN_WINDOW_16BPP?RA8876
  +--> ?PR?_ACTIVE_WINDOW_WH?RA8876
  +--> ?PR?_LINE_END_XY?RA8876
  +--> ?PR?START_SQUARE_FILL?RA8876
  +--> ?PR?_FOREGROUND_COLOR_65K?RA8876
  +--> ?PR?_LINE_START_XY?RA8876
  +--> ?PR?_DELAY_MS?RA8876
  +--> ?PR?NEXTSTEP?RA8876

?PR?TPTEST?RA8876                                0213H    0007H
BL51 BANKED LINKER/LOCATER V6.22                                                      08/26/2015  16:38:21  PAGE 24


  +--> ?PR?_FAST_CLEAR?RA8876
  +--> ?PR?TP_ADJUST?RA8876
  +--> ?PR?CGROM_SELECT_INTERNAL_CGROM?RA8876
  +--> ?PR?FONT_SELECT_8X16_16X16?RA8876
  +--> ?PR?_GOTO_TEXT_XY?RA8876
  +--> ?CO?RA8876
  +--> ?PR?_SHOW_STRING?RA8876
  +--> ?PR?_TP_SCAN?RA8876
  +--> ?PR?LOAD_DROW_DIALOG?RA8876
  +--> ?PR?_LCD_DRAWPOINT?RA8876
  +--> ?PR?_DELAY_MS?RA8876

?PR?_FAST_CLEAR?RA8876                           023DH    0002H
  +--> ?PR?SELECT_MAIN_WINDOW_16BPP?RA8876
  +--> ?PR?_ACTIVE_WINDOW_WH?RA8876
  +--> ?PR?_LINE_START_XY?RA8876
  +--> ?PR?_LINE_END_XY?RA8876
  +--> ?PR?START_SQUARE_FILL?RA8876

?PR?TP_ADJUST?RA8876                             021AH    0023H
  +--> ?PR?CGROM_SELECT_INTERNAL_CGROM?RA8876
  +--> ?PR?FONT_SELECT_8X16_16X16?RA8876
  +--> ?PR?_GOTO_TEXT_XY?RA8876
  +--> ?CO?RA8876
  +--> ?PR?_SHOW_STRING?RA8876
  +--> ?PR?_TP_DROW_TOUCH_POINT?RA8876
  +--> ?PR?_TP_SCAN?RA8876
  +--> ?PR?_MY_ABS?RA8876
  +--> ?PR?SQRT?SQRT
  +--> ?PR?_ABS?ABS
  +--> ?PR?_DELAY_MS?RA8876
  +--> ?PR?_FAST_CLEAR?RA8876

?PR?_TP_DROW_TOUCH_POINT?RA8876                  023DH    0006H
  +--> ?PR?_LCD_DRAWLINE?RA8876
  +--> ?PR?_LCD_DRAWPOINT?RA8876

?PR?_LCD_DRAWLINE?RA8876                         0243H    001EH
  +--> ?PR?_LCD_SETPOINT?RA8876

?PR?_LCD_DRAWPOINT?RA8876                        -----    -----
  +--> ?PR?_LCD_SETCURSOR?RA8876
  +--> ?PR?LCD_WRITERAM_PREPARE?RA8876
  +--> ?PR?_LCD_DATAWRITE?RA8876

?PR?_TP_SCAN?RA8876                              -----    -----
  +--> ?PR?_DELAY_MS?RA8876
  +--> ?PR?_TP_READ_XY2?RA8876

?PR?_TP_READ_XY2?RA8876                          023DH    000EH
  +--> ?PR?_TP_READ_XY?RA8876

?PR?_TP_READ_XY?RA8876                           024BH    0008H
  +--> ?PR?_TP_READ_XOY?RA8876

?PR?_TP_READ_XOY?RA8876                          0253H    001AH
  +--> ?PR?_TP_READ_AD?RA8876
BL51 BANKED LINKER/LOCATER V6.22                                                      08/26/2015  16:38:21  PAGE 25



?PR?_TP_READ_AD?RA8876                           -----    -----
  +--> ?PR?_TP_WRITE_BYTE?RA8876

?PR?SQRT?SQRT                                    023DH    0004H

?PR?LOAD_DROW_DIALOG?RA8876                      -----    -----
  +--> ?PR?_FAST_CLEAR?RA8876
  +--> ?PR?CGROM_SELECT_INTERNAL_CGROM?RA8876
  +--> ?PR?FONT_SELECT_8X16_16X16?RA8876
  +--> ?PR?_GOTO_TEXT_XY?RA8876
  +--> ?CO?RA8876
  +--> ?PR?_SHOW_STRING?RA8876

?PR?DISPLAY_JPG_SDCARD?RA8876                    0213H    0009H
  +--> ?PR?SELECT_MAIN_WINDOW_16BPP?RA8876
  +--> ?PR?_ACTIVE_WINDOW_WH?RA8876
  +--> ?PR?START_SQUARE_FILL?RA8876
  +--> ?PR?SDINIT?RA8876
  +--> ?PR?_LCD_SETCURSOR?RA8876
  +--> ?PR?_SDREADBLOCK?RA8876
  +--> ?PR?LCD_WRITERAM_PREPARE?RA8876
  +--> ?PR?_LCD_DATAWRITE?RA8876
  +--> ?PR?NEXTSTEP?RA8876

?PR?SDINIT?RA8876                                021CH    0004H
  +--> ?PR?_SDWRITE?RA8876
  +--> ?PR?SDRESPONSE?RA8876

?PR?SDRESPONSE?RA8876                            -----    -----
  +--> ?PR?_SDCOMMAND?RA8876
  +--> ?PR?SDREAD?RA8876

?PR?_SDCOMMAND?RA8876                            0225H    0006H
  +--> ?PR?_SDWRITE?RA8876

?PR?_SDREADBLOCK?RA8876                          021CH    0009H
  +--> ?PR?_SDCOMMAND?RA8876
  +--> ?PR?SDRESPONSE?RA8876
  +--> ?PR?SDREAD?RA8876

?PR?DMA_DEMO?RA8876                              0213H    0004H
  +--> ?PR?SELECT_MAIN_WINDOW_16BPP?RA8876
  +--> ?PR?_ACTIVE_WINDOW_WH?RA8876
  +--> ?PR?_LINE_START_XY?RA8876
  +--> ?PR?START_SQUARE_FILL?RA8876
  +--> ?PR?_FOREGROUND_COLOR_65K?RA8876
  +--> ?PR?_BACKGROUND_COLOR_65K?RA8876
  +--> ?PR?CGROM_SELECT_INTERNAL_CGROM?RA8876
  +--> ?PR?FONT_SELECT_12X24_24X24?RA8876
  +--> ?PR?_GOTO_TEXT_XY?RA8876
  +--> ?CO?RA8876
  +--> ?PR?_SHOW_STRING?RA8876
  +--> ?PR?ENABLE_SFLASH_SPI?RA8876
  +--> ?PR?SELECT_SFI_1?RA8876
  +--> ?PR?SELECT_SFI_DMA_MODE?RA8876
  +--> ?PR?SELECT_SFI_24BIT_ADDRESS?RA8876
BL51 BANKED LINKER/LOCATER V6.22                                                      08/26/2015  16:38:21  PAGE 26


  +--> ?PR?SELECT_SFI_WAVEFORM_MODE_3?RA8876
  +--> ?PR?SELECT_SFI_8_DUMMYREAD?RA8876
  +--> ?PR?SELECT_SFI_SINGLE_MODE?RA8876
  +--> ?PR?_SPI_CLOCK_PERIOD?RA8876
  +--> ?PR?_SFI_DMA_DESTINATION_UPPER_LEFT_C...
  +--> ?PR?_SFI_DMA_SOURCE_WIDTH?RA8876
  +--> ?PR?START_SFI_DMA?RA8876
  +--> ?PR?CHECK_BUSY_SFI_DMA?RA8876
  +--> ?PR?_DELAY_MS?RA8876
  +--> ?PR?NEXTSTEP?RA8876

?PR?SELECT_SFI_1?RA8876                          -----    -----
  +--> ?PR?_LCD_CMDWRITE?RA8876
  +--> ?PR?LCD_DATAREAD?RA8876
  +--> ?PR?_LCD_DATAWRITE?RA8876

?PR?SELECT_SFI_DMA_MODE?RA8876                   -----    -----
  +--> ?PR?_LCD_CMDWRITE?RA8876
  +--> ?PR?LCD_DATAREAD?RA8876
  +--> ?PR?_LCD_DATAWRITE?RA8876

?PR?SELECT_SFI_WAVEFORM_MODE_3?RA8876            -----    -----
  +--> ?PR?_LCD_CMDWRITE?RA8876
  +--> ?PR?LCD_DATAREAD?RA8876
[...]

*** WARNING L16: UNCALLED SEGMENT, IGNORED FOR OVERLAY PROCESS
    SEGMENT: ?PR?IDLE_PCLK_HIGH?RA8876

*** WARNING L16: UNCALLED SEGMENT, IGNORED FOR OVERLAY PROCESS
    SEGMENT: ?PR?IDLE_PDAT_LOW?RA8876

*** WARNING L16: UNCALLED SEGMENT, IGNORED FOR OVERLAY PROCESS
    SEGMENT: ?PR?IDLE_PDAT_HIGH?RA8876

*** WARNING L16: UNCALLED SEGMENT, IGNORED FOR OVERLAY PROCESS
    SEGMENT: ?PR?IDLE_HSYNC_LOW?RA8876

*** WARNING L16: UNCALLED SEGMENT, IGNORED FOR OVERLAY PROCESS
    SEGMENT: ?PR?IDLE_HSYNC_HIGH?RA8876

*** WARNING L16: UNCALLED SEGMENT, IGNORED FOR OVERLAY PROCESS
    SEGMENT: ?PR?IDLE_VSYNC_LOW?RA8876

*** WARNING L16: UNCALLED SEGMENT, IGNORED FOR OVERLAY PROCESS
    SEGMENT: ?PR?IDLE_VSYNC_HIGH?RA8876

*** WARNING L16: UNCALLED SEGMENT, IGNORED FOR OVERLAY PROCESS
    SEGMENT: ?PR?DISABLE_TEXT_CURSOR_BLINKING?RA8876

*** WARNING L16: UNCALLED SEGMENT, IGNORED FOR OVERLAY PROCESS
    SEGMENT: ?PR?SELECT_WRITE_DATA_POSITION?RA8876

*** WARNING L16: UNCALLED SEGMENT, IGNORED FOR OVERLAY PROCESS
    SEGMENT: ?PR?SELECT_READ_DATA_POSITION?RA8876

*** WARNING L16: UNCALLED SEGMENT, IGNORED FOR OVERLAY PROCESS
    SEGMENT: ?PR?MEMORY_LINEAR_MODE?RA8876

*** WARNING L16: UNCALLED SEGMENT, IGNORED FOR OVERLAY PROCESS
    SEGMENT: ?PR?MEMORY_8BPP_MODE?RA8876

*** WARNING L16: UNCALLED SEGMENT, IGNORED FOR OVERLAY PROCESS
    SEGMENT: ?PR?MEMORY_24BPP_MODE?RA8876

*** WARNING L16: UNCALLED SEGMENT, IGNORED FOR OVERLAY PROCESS
    SEGMENT: ?PR?_GOTO_LINEAR_ADDR?RA8876

*** WARNING L16: UNCALLED SEGMENT, IGNORED FOR OVERLAY PROCESS
    SEGMENT: ?PR?START_TRIANGLE_FILL?RA8876

*** WARNING L16: UNCALLED SEGMENT, IGNORED FOR OVERLAY PROCESS
    SEGMENT: ?PR?_SQUARE_START_XY?RA8876

*** WARNING L16: UNCALLED SEGMENT, IGNORED FOR OVERLAY PROCESS
    SEGMENT: ?PR?_SQUARE_END_XY?RA8876

BL51 BANKED LINKER/LOCATER V6.22                                                      08/26/2015  16:38:21  PAGE 195


*** WARNING L16: UNCALLED SEGMENT, IGNORED FOR OVERLAY PROCESS
    SEGMENT: ?PR?START_CIRCLE_OR_ELLIPSE_FILL?RA8876

*** WARNING L16: UNCALLED SEGMENT, IGNORED FOR OVERLAY PROCESS
    SEGMENT: ?PR?START_LEFT_DOWN_CURVE?RA8876

*** WARNING L16: UNCALLED SEGMENT, IGNORED FOR OVERLAY PROCESS
    SEGMENT: ?PR?START_LEFT_UP_CURVE?RA8876

*** WARNING L16: UNCALLED SEGMENT, IGNORED FOR OVERLAY PROCESS
    SEGMENT: ?PR?START_RIGHT_UP_CURVE?RA8876

*** WARNING L16: UNCALLED SEGMENT, IGNORED FOR OVERLAY PROCESS
    SEGMENT: ?PR?START_RIGHT_DOWN_CURVE?RA8876

*** WARNING L16: UNCALLED SEGMENT, IGNORED FOR OVERLAY PROCESS
    SEGMENT: ?PR?START_LEFT_DOWN_CURVE_FILL?RA8876

*** WARNING L16: UNCALLED SEGMENT, IGNORED FOR OVERLAY PROCESS
    SEGMENT: ?PR?START_LEFT_UP_CURVE_FILL?RA8876

*** WARNING L16: UNCALLED SEGMENT, IGNORED FOR OVERLAY PROCESS
    SEGMENT: ?PR?START_RIGHT_UP_CURVE_FILL?RA8876

*** WARNING L16: UNCALLED SEGMENT, IGNORED FOR OVERLAY PROCESS
    SEGMENT: ?PR?START_RIGHT_DOWN_CURVE_FILL?RA8876

*** WARNING L16: UNCALLED SEGMENT, IGNORED FOR OVERLAY PROCESS
    SEGMENT: ?PR?START_CIRCLE_SQUARE_FILL?RA8876

*** WARNING L16: UNCALLED SEGMENT, IGNORED FOR OVERLAY PROCESS
    SEGMENT: ?PR?_ELLIPSE_CENTER_XY?RA8876

*** WARNING L16: UNCALLED SEGMENT, IGNORED FOR OVERLAY PROCESS
    SEGMENT: ?PR?_SET_PWM_PRESCALER_1_TO_256?RA8876

*** WARNING L16: UNCALLED SEGMENT, IGNORED FOR OVERLAY PROCESS
    SEGMENT: ?PR?SELECT_PWM1_CLOCK_DIVIDED_BY_1?RA8876

*** WARNING L16: UNCALLED SEGMENT, IGNORED FOR OVERLAY PROCESS
    SEGMENT: ?PR?SELECT_PWM1_CLOCK_DIVIDED_BY_2?RA8876

*** WARNING L16: UNCALLED SEGMENT, IGNORED FOR OVERLAY PROCESS
    SEGMENT: ?PR?SELECT_PWM1_CLOCK_DIVIDED_BY_4?RA8876

*** WARNING L16: UNCALLED SEGMENT, IGNORED FOR OVERLAY PROCESS
    SEGMENT: ?PR?SELECT_PWM1_CLOCK_DIVIDED_BY_8?RA8876

*** WARNING L16: UNCALLED SEGMENT, IGNORED FOR OVERLAY PROCESS
    SEGMENT: ?PR?SELECT_PWM0_CLOCK_DIVIDED_BY_1?RA8876

*** WARNING L16: UNCALLED SEGMENT, IGNORED FOR OVERLAY PROCESS
    SEGMENT: ?PR?SELECT_PWM0_CLOCK_DIVIDED_BY_4?RA8876

*** WARNING L16: UNCALLED SEGMENT, IGNORED FOR OVERLAY PROCESS
    SEGMENT: ?PR?SELECT_PWM0_CLOCK_DIVIDED_BY_8?RA8876

BL51 BANKED LINKER/LOCATER V6.22                                                      08/26/2015  16:38:21  PAGE 196


*** WARNING L16: UNCALLED SEGMENT, IGNORED FOR OVERLAY PROCESS
    SEGMENT: ?PR?SELECT_PWM1_IS_ERRORFLAG?RA8876

*** WARNING L16: UNCALLED SEGMENT, IGNORED FOR OVERLAY PROCESS
    SEGMENT: ?PR?SELECT_PWM1?RA8876

*** WARNING L16: UNCALLED SEGMENT, IGNORED FOR OVERLAY PROCESS
    SEGMENT: ?PR?SELECT_PWM1_IS_OSC_CLOCK?RA8876

*** WARNING L16: UNCALLED SEGMENT, IGNORED FOR OVERLAY PROCESS
    SEGMENT: ?PR?SELECT_PWM0_IS_GPIO_C7?RA8876

*** WARNING L16: UNCALLED SEGMENT, IGNORED FOR OVERLAY PROCESS
    SEGMENT: ?PR?SELECT_PWM0_IS_CORE_CLOCK?RA8876

*** WARNING L16: UNCALLED SEGMENT, IGNORED FOR OVERLAY PROCESS
    SEGMENT: ?PR?ENABLE_PWM1_INVERTER?RA8876

*** WARNING L16: UNCALLED SEGMENT, IGNORED FOR OVERLAY PROCESS
    SEGMENT: ?PR?DISABLE_PWM1_INVERTER?RA8876

*** WARNING L16: UNCALLED SEGMENT, IGNORED FOR OVERLAY PROCESS
    SEGMENT: ?PR?AUTO_RELOAD_PWM1?RA8876

*** WARNING L16: UNCALLED SEGMENT, IGNORED FOR OVERLAY PROCESS
    SEGMENT: ?PR?ONE_SHOT_PWM1?RA8876

*** WARNING L16: UNCALLED SEGMENT, IGNORED FOR OVERLAY PROCESS
    SEGMENT: ?PR?START_PWM1?RA8876

*** WARNING L16: UNCALLED SEGMENT, IGNORED FOR OVERLAY PROCESS
    SEGMENT: ?PR?STOP_PWM1?RA8876

*** WARNING L16: UNCALLED SEGMENT, IGNORED FOR OVERLAY PROCESS
    SEGMENT: ?PR?DISABLE_PWM0_DEAD_ZONE?RA8876

*** WARNING L16: UNCALLED SEGMENT, IGNORED FOR OVERLAY PROCESS
    SEGMENT: ?PR?ENABLE_PWM0_INVERTER?RA8876

*** WARNING L16: UNCALLED SEGMENT, IGNORED FOR OVERLAY PROCESS
    SEGMENT: ?PR?DISABLE_PWM0_INVERTER?RA8876

*** WARNING L16: UNCALLED SEGMENT, IGNORED FOR OVERLAY PROCESS
    SEGMENT: ?PR?ONE_SHOT_PWM0?RA8876

*** WARNING L16: UNCALLED SEGMENT, IGNORED FOR OVERLAY PROCESS
    SEGMENT: ?PR?STOP_PWM0?RA8876

*** WARNING L16: UNCALLED SEGMENT, IGNORED FOR OVERLAY PROCESS
    SEGMENT: ?PR?_SET_TIMER0_DEAD_ZONE_LENGTH?RA8876

*** WARNING L16: UNCALLED SEGMENT, IGNORED FOR OVERLAY PROCESS
    SEGMENT: ?PR?_SET_TIMER0_COUNT_BUFFER?RA8876

*** WARNING L16: UNCALLED SEGMENT, IGNORED FOR OVERLAY PROCESS
    SEGMENT: ?PR?_SET_TIMER1_COMPARE_BUFFER?RA8876

BL51 BANKED LINKER/LOCATER V6.22                                                      08/26/2015  16:38:21  PAGE 197


*** WARNING L16: UNCALLED SEGMENT, IGNORED FOR OVERLAY PROCESS
    SEGMENT: ?PR?_SET_TIMER1_COUNT_BUFFER?RA8876

*** WARNING L16: UNCALLED SEGMENT, IGNORED FOR OVERLAY PROCESS
    SEGMENT: ?PR?BTE_DISABLE?RA8876

*** WARNING L16: UNCALLED SEGMENT, IGNORED FOR OVERLAY PROCESS
    SEGMENT: ?PR?PATTERN_FORMAT_8X8?RA8876

*** WARNING L16: UNCALLED SEGMENT, IGNORED FOR OVERLAY PROCESS
    SEGMENT: ?PR?BTE_S0_COLOR_8BPP?RA8876

*** WARNING L16: UNCALLED SEGMENT, IGNORED FOR OVERLAY PROCESS
    SEGMENT: ?PR?BTE_S0_COLOR_24BPP?RA8876

*** WARNING L16: UNCALLED SEGMENT, IGNORED FOR OVERLAY PROCESS
    SEGMENT: ?PR?BTE_S1_COLOR_8BPP?RA8876

*** WARNING L16: UNCALLED SEGMENT, IGNORED FOR OVERLAY PROCESS
    SEGMENT: ?PR?BTE_S1_COLOR_24BPP?RA8876

*** WARNING L16: UNCALLED SEGMENT, IGNORED FOR OVERLAY PROCESS
    SEGMENT: ?PR?BTE_S1_COLOR_CONSTANT?RA8876

*** WARNING L16: UNCALLED SEGMENT, IGNORED FOR OVERLAY PROCESS
    SEGMENT: ?PR?BTE_S1_COLOR_8BIT_ALPHA?RA8876

*** WARNING L16: UNCALLED SEGMENT, IGNORED FOR OVERLAY PROCESS
    SEGMENT: ?PR?BTE_S1_COLOR_16BIT_ALPHA?RA8876

*** WARNING L16: UNCALLED SEGMENT, IGNORED FOR OVERLAY PROCESS
    SEGMENT: ?PR?BTE_DESTINATION_COLOR_8BPP?RA8876

*** WARNING L16: UNCALLED SEGMENT, IGNORED FOR OVERLAY PROCESS
    SEGMENT: ?PR?BTE_DESTINATION_COLOR_24BPP?RA8876

*** WARNING L16: UNCALLED SEGMENT, IGNORED FOR OVERLAY PROCESS
    SEGMENT: ?PR?_S1_CONSTANT_COLOR_256?RA8876

*** WARNING L16: UNCALLED SEGMENT, IGNORED FOR OVERLAY PROCESS
    SEGMENT: ?PR?_S1_CONSTANT_COLOR_65K?RA8876

*** WARNING L16: UNCALLED SEGMENT, IGNORED FOR OVERLAY PROCESS
    SEGMENT: ?PR?_S1_CONSTANT_COLOR_16M?RA8876

*** WARNING L16: UNCALLED SEGMENT, IGNORED FOR OVERLAY PROCESS
    SEGMENT: ?PR?SELECT_SFI_32BIT_ADDRESS?RA8876

*** WARNING L16: UNCALLED SEGMENT, IGNORED FOR OVERLAY PROCESS
    SEGMENT: ?PR?SELECT_SFI_16_DUMMYREAD?RA8876

*** WARNING L16: UNCALLED SEGMENT, IGNORED FOR OVERLAY PROCESS
    SEGMENT: ?PR?SELECT_SFI_24_DUMMYREAD?RA8876

*** WARNING L16: UNCALLED SEGMENT, IGNORED FOR OVERLAY PROCESS
    SEGMENT: ?PR?SELECT_SFI_DUAL_MODE0?RA8876

BL51 BANKED LINKER/LOCATER V6.22                                                      08/26/2015  16:38:21  PAGE 198


*** WARNING L16: UNCALLED SEGMENT, IGNORED FOR OVERLAY PROCESS
    SEGMENT: ?PR?SELECT_SFI_DUAL_MODE1?RA8876

*** WARNING L16: UNCALLED SEGMENT, IGNORED FOR OVERLAY PROCESS
    SEGMENT: ?PR?_SPI_MASTER_FIFO_DATA_PUT?RA8876

*** WARNING L16: UNCALLED SEGMENT, IGNORED FOR OVERLAY PROCESS
    SEGMENT: ?PR?MASK_SPI_MASTER_INTERRUPT_FLAG?RA8876

*** WARNING L16: UNCALLED SEGMENT, IGNORED FOR OVERLAY PROCESS
    SEGMENT: ?PR?SELECT_NSS_DRIVE_ON_XNSFCS0?RA8876

*** WARNING L16: UNCALLED SEGMENT, IGNORED FOR OVERLAY PROCESS
    SEGMENT: ?PR?SELECT_NSS_DRIVE_ON_XNSFCS1?RA8876

*** WARNING L16: UNCALLED SEGMENT, IGNORED FOR OVERLAY PROCESS
    SEGMENT: ?PR?NSS_INACTIVE?RA8876

*** WARNING L16: UNCALLED SEGMENT, IGNORED FOR OVERLAY PROCESS
    SEGMENT: ?PR?NSS_ACTIVE?RA8876

*** WARNING L16: UNCALLED SEGMENT, IGNORED FOR OVERLAY PROCESS
    SEGMENT: ?PR?OVFIRQEN_ENABLE?RA8876

*** WARNING L16: UNCALLED SEGMENT, IGNORED FOR OVERLAY PROCESS
    SEGMENT: ?PR?EMTIRQEN_ENABLE?RA8876

*** WARNING L16: UNCALLED SEGMENT, IGNORED FOR OVERLAY PROCESS
    SEGMENT: ?PR?RESET_CPOL?RA8876

*** WARNING L16: UNCALLED SEGMENT, IGNORED FOR OVERLAY PROCESS
    SEGMENT: ?PR?SET_CPOL?RA8876

*** WARNING L16: UNCALLED SEGMENT, IGNORED FOR OVERLAY PROCESS
    SEGMENT: ?PR?RESET_CPHA?RA8876

*** WARNING L16: UNCALLED SEGMENT, IGNORED FOR OVERLAY PROCESS
    SEGMENT: ?PR?SET_CPHA?RA8876

*** WARNING L16: UNCALLED SEGMENT, IGNORED FOR OVERLAY PROCESS
    SEGMENT: ?PR?TX_FIFO_FULL_FLAG?RA8876

*** WARNING L16: UNCALLED SEGMENT, IGNORED FOR OVERLAY PROCESS
    SEGMENT: ?PR?RX_FIFO_FULL_FLAG?RA8876

*** WARNING L16: UNCALLED SEGMENT, IGNORED FOR OVERLAY PROCESS
    SEGMENT: ?PR?OVFI_FLAG?RA8876

*** WARNING L16: UNCALLED SEGMENT, IGNORED FOR OVERLAY PROCESS
    SEGMENT: ?PR?CLEAR_OVFI_FLAG?RA8876

*** WARNING L16: UNCALLED SEGMENT, IGNORED FOR OVERLAY PROCESS
    SEGMENT: ?PR?EMTI_FLAG?RA8876

*** WARNING L16: UNCALLED SEGMENT, IGNORED FOR OVERLAY PROCESS
    SEGMENT: ?PR?CLEAR_EMTI_FLAG?RA8876

BL51 BANKED LINKER/LOCATER V6.22                                                      08/26/2015  16:38:21  PAGE 199


*** WARNING L16: UNCALLED SEGMENT, IGNORED FOR OVERLAY PROCESS
    SEGMENT: ?PR?_SFI_DMA_DESTINATION_START_ADDRESS?RA8876

*** WARNING L16: UNCALLED SEGMENT, IGNORED FOR OVERLAY PROCESS
    SEGMENT: ?PR?_SFI_DMA_TRANSFER_NUMBER?RA8876

*** WARNING L16: UNCALLED SEGMENT, IGNORED FOR OVERLAY PROCESS
    SEGMENT: ?PR?FONT_SELECT_USERDEFINE_MODE?RA8876

*** WARNING L16: UNCALLED SEGMENT, IGNORED FOR OVERLAY PROCESS
    SEGMENT: ?PR?INTERNAL_CGROM_SELECT_ISOIEC8859_1?RA8876

*** WARNING L16: UNCALLED SEGMENT, IGNORED FOR OVERLAY PROCESS
    SEGMENT: ?PR?INTERNAL_CGROM_SELECT_ISOIEC8859_2?RA8876

*** WARNING L16: UNCALLED SEGMENT, IGNORED FOR OVERLAY PROCESS
    SEGMENT: ?PR?INTERNAL_CGROM_SELECT_ISOIEC8859_3?RA8876

*** WARNING L16: UNCALLED SEGMENT, IGNORED FOR OVERLAY PROCESS
    SEGMENT: ?PR?INTERNAL_CGROM_SELECT_ISOIEC8859_4?RA8876

*** WARNING L16: UNCALLED SEGMENT, IGNORED FOR OVERLAY PROCESS
    SEGMENT: ?PR?ENABLE_FONT_ALIGNMENT?RA8876

*** WARNING L16: UNCALLED SEGMENT, IGNORED FOR OVERLAY PROCESS
    SEGMENT: ?PR?DISABLE_FONT_ALIGNMENT?RA8876

*** WARNING L16: UNCALLED SEGMENT, IGNORED FOR OVERLAY PROCESS
    SEGMENT: ?PR?FONT_0_DEGREE?RA8876

*** WARNING L16: UNCALLED SEGMENT, IGNORED FOR OVERLAY PROCESS
    SEGMENT: ?PR?FONT_90_DEGREE?RA8876

*** WARNING L16: UNCALLED SEGMENT, IGNORED FOR OVERLAY PROCESS
    SEGMENT: ?PR?FONT_WIDTH_X2?RA8876

*** WARNING L16: UNCALLED SEGMENT, IGNORED FOR OVERLAY PROCESS
    SEGMENT: ?PR?FONT_WIDTH_X3?RA8876

*** WARNING L16: UNCALLED SEGMENT, IGNORED FOR OVERLAY PROCESS
    SEGMENT: ?PR?FONT_WIDTH_X4?RA8876

*** WARNING L16: UNCALLED SEGMENT, IGNORED FOR OVERLAY PROCESS
    SEGMENT: ?PR?FONT_HEIGHT_X2?RA8876

*** WARNING L16: UNCALLED SEGMENT, IGNORED FOR OVERLAY PROCESS
    SEGMENT: ?PR?FONT_HEIGHT_X3?RA8876

*** WARNING L16: UNCALLED SEGMENT, IGNORED FOR OVERLAY PROCESS
    SEGMENT: ?PR?FONT_HEIGHT_X4?RA8876

*** WARNING L16: UNCALLED SEGMENT, IGNORED FOR OVERLAY PROCESS
    SEGMENT: ?PR?GTFONT_SELECT_GT21L16TW_GT21H16T1W?RA8876

*** WARNING L16: UNCALLED SEGMENT, IGNORED FOR OVERLAY PROCESS
    SEGMENT: ?PR?GTFONT_SELECT_GT23L16U2W?RA8876

BL51 BANKED LINKER/LOCATER V6.22                                                      08/26/2015  16:38:21  PAGE 200


*** WARNING L16: UNCALLED SEGMENT, IGNORED FOR OVERLAY PROCESS
    SEGMENT: ?PR?GTFONT_SELECT_GT23L24M1Z?RA8876

*** WARNING L16: UNCALLED SEGMENT, IGNORED FOR OVERLAY PROCESS
    SEGMENT: ?PR?GTFONT_SELECT_GT23L32S4W_GT23H32S4W?RA8876

*** WARNING L16: UNCALLED SEGMENT, IGNORED FOR OVERLAY PROCESS
    SEGMENT: ?PR?GTFONT_SELECT_GT20L24F6Y?RA8876

*** WARNING L16: UNCALLED SEGMENT, IGNORED FOR OVERLAY PROCESS
    SEGMENT: ?PR?GTFONT_SELECT_GT21L24S1W?RA8876

*** WARNING L16: UNCALLED SEGMENT, IGNORED FOR OVERLAY PROCESS
    SEGMENT: ?PR?GTFONT_SELECT_GT22L16A1Y?RA8876

*** WARNING L16: UNCALLED SEGMENT, IGNORED FOR OVERLAY PROCESS
    SEGMENT: ?PR?_FONT_LINE_DISTANCE?RA8876

*** WARNING L16: UNCALLED SEGMENT, IGNORED FOR OVERLAY PROCESS
    SEGMENT: ?PR?_SET_FONT_TO_FONT_WIDTH?RA8876

*** WARNING L16: UNCALLED SEGMENT, IGNORED FOR OVERLAY PROCESS
    SEGMENT: ?PR?_FOREGROUND_RGB?RA8876

*** WARNING L16: UNCALLED SEGMENT, IGNORED FOR OVERLAY PROCESS
    SEGMENT: ?PR?_FOREGROUND_COLOR_256?RA8876

*** WARNING L16: UNCALLED SEGMENT, IGNORED FOR OVERLAY PROCESS
    SEGMENT: ?PR?_FOREGROUND_COLOR_16M?RA8876

*** WARNING L16: UNCALLED SEGMENT, IGNORED FOR OVERLAY PROCESS
    SEGMENT: ?PR?_BACKGROUND_RGB?RA8876

*** WARNING L16: UNCALLED SEGMENT, IGNORED FOR OVERLAY PROCESS
    SEGMENT: ?PR?_BACKGROUND_COLOR_256?RA8876

*** WARNING L16: UNCALLED SEGMENT, IGNORED FOR OVERLAY PROCESS
    SEGMENT: ?PR?_BACKGROUND_COLOR_16M?RA8876

*** WARNING L16: UNCALLED SEGMENT, IGNORED FOR OVERLAY PROCESS
    SEGMENT: ?PR?_CGRAM_START_ADDRESS?RA8876

*** WARNING L16: UNCALLED SEGMENT, IGNORED FOR OVERLAY PROCESS
    SEGMENT: ?PR?POWER_NORMAL_MODE?RA8876

*** WARNING L16: UNCALLED SEGMENT, IGNORED FOR OVERLAY PROCESS
    SEGMENT: ?PR?POWER_SAVING_STANDBY_MODE?RA8876

*** WARNING L16: UNCALLED SEGMENT, IGNORED FOR OVERLAY PROCESS
    SEGMENT: ?PR?POWER_SAVING_SUSPEND_MODE?RA8876

*** WARNING L16: UNCALLED SEGMENT, IGNORED FOR OVERLAY PROCESS
    SEGMENT: ?PR?POWER_SAVING_SLEEP_MODE?RA8876

*** WARNING L16: UNCALLED SEGMENT, IGNORED FOR OVERLAY PROCESS
    SEGMENT: ?PR?_RA8876_I2CM_CLOCK_PRESCALE?RA8876

BL51 BANKED LINKER/LOCATER V6.22                                                      08/26/2015  16:38:21  PAGE 201


*** WARNING L16: UNCALLED SEGMENT, IGNORED FOR OVERLAY PROCESS
    SEGMENT: ?PR?_RA8876_I2CM_TRANSMIT_DATA?RA8876

*** WARNING L16: UNCALLED SEGMENT, IGNORED FOR OVERLAY PROCESS
    SEGMENT: ?PR?RA8876_I2CM_RECEIVER_DATA?RA8876

*** WARNING L16: UNCALLED SEGMENT, IGNORED FOR OVERLAY PROCESS
    SEGMENT: ?PR?RA8876_I2CM_STOP?RA8876

*** WARNING L16: UNCALLED SEGMENT, IGNORED FOR OVERLAY PROCESS
    SEGMENT: ?PR?RA8876_I2CM_READ_WITH_ACK?RA8876

*** WARNING L16: UNCALLED SEGMENT, IGNORED FOR OVERLAY PROCESS
    SEGMENT: ?PR?RA8876_I2CM_READ_WITH_NACK?RA8876

*** WARNING L16: UNCALLED SEGMENT, IGNORED FOR OVERLAY PROCESS
    SEGMENT: ?PR?RA8876_I2CM_WRITE_WITH_START?RA8876

*** WARNING L16: UNCALLED SEGMENT, IGNORED FOR OVERLAY PROCESS
    SEGMENT: ?PR?RA8876_I2CM_WRITE?RA8876

*** WARNING L16: UNCALLED SEGMENT, IGNORED FOR OVERLAY PROCESS
    SEGMENT: ?PR?RA8876_I2CM_CHECK_SLAVE_ACK?RA8876

*** WARNING L16: UNCALLED SEGMENT, IGNORED FOR OVERLAY PROCESS
    SEGMENT: ?PR?RA8876_I2CM_BUS_BUSY?RA8876

*** WARNING L16: UNCALLED SEGMENT, IGNORED FOR OVERLAY PROCESS
    SEGMENT: ?PR?RA8876_I2CM_TRANSMIT_PROGRESS?RA8876

*** WARNING L16: UNCALLED SEGMENT, IGNORED FOR OVERLAY PROCESS
    SEGMENT: ?PR?RA8876_I2CM_ARBITRATION?RA8876

*** WARNING L16: UNCALLED SEGMENT, IGNORED FOR OVERLAY PROCESS
    SEGMENT: ?PR?_SET_GPIO_A_IN_OUT?RA8876

*** WARNING L16: UNCALLED SEGMENT, IGNORED FOR OVERLAY PROCESS
    SEGMENT: ?PR?_WRITE_GPIO_A_7_0?RA8876

*** WARNING L16: UNCALLED SEGMENT, IGNORED FOR OVERLAY PROCESS
    SEGMENT: ?PR?READ_GPIO_A_7_0?RA8876

*** WARNING L16: UNCALLED SEGMENT, IGNORED FOR OVERLAY PROCESS
    SEGMENT: ?PR?_WRITE_GPIO_B_7_4?RA8876

*** WARNING L16: UNCALLED SEGMENT, IGNORED FOR OVERLAY PROCESS
    SEGMENT: ?PR?READ_GPIO_B_7_0?RA8876

*** WARNING L16: UNCALLED SEGMENT, IGNORED FOR OVERLAY PROCESS
    SEGMENT: ?PR?_SET_GPIO_C_IN_OUT?RA8876

*** WARNING L16: UNCALLED SEGMENT, IGNORED FOR OVERLAY PROCESS
    SEGMENT: ?PR?_WRITE_GPIO_C_7_0?RA8876

*** WARNING L16: UNCALLED SEGMENT, IGNORED FOR OVERLAY PROCESS
    SEGMENT: ?PR?READ_GPIO_C_7_0?RA8876

BL51 BANKED LINKER/LOCATER V6.22                                                      08/26/2015  16:38:21  PAGE 202


*** WARNING L16: UNCALLED SEGMENT, IGNORED FOR OVERLAY PROCESS
    SEGMENT: ?PR?_SET_GPIO_D_IN_OUT?RA8876

*** WARNING L16: UNCALLED SEGMENT, IGNORED FOR OVERLAY PROCESS
    SEGMENT: ?PR?_WRITE_GPIO_D_7_0?RA8876

*** WARNING L16: UNCALLED SEGMENT, IGNORED FOR OVERLAY PROCESS
    SEGMENT: ?PR?READ_GPIO_D_7_0?RA8876

*** WARNING L16: UNCALLED SEGMENT, IGNORED FOR OVERLAY PROCESS
    SEGMENT: ?PR?_SET_GPIO_E_IN_OUT?RA8876

*** WARNING L16: UNCALLED SEGMENT, IGNORED FOR OVERLAY PROCESS
    SEGMENT: ?PR?_WRITE_GPIO_E_7_0?RA8876

*** WARNING L16: UNCALLED SEGMENT, IGNORED FOR OVERLAY PROCESS
    SEGMENT: ?PR?READ_GPIO_E_7_0?RA8876

*** WARNING L16: UNCALLED SEGMENT, IGNORED FOR OVERLAY PROCESS
    SEGMENT: ?PR?_SET_GPIO_F_IN_OUT?RA8876

*** WARNING L16: UNCALLED SEGMENT, IGNORED FOR OVERLAY PROCESS
    SEGMENT: ?PR?_WRITE_GPIO_F_7_0?RA8876

*** WARNING L16: UNCALLED SEGMENT, IGNORED FOR OVERLAY PROCESS
    SEGMENT: ?PR?READ_GPIO_F_7_0?RA8876

*** WARNING L16: UNCALLED SEGMENT, IGNORED FOR OVERLAY PROCESS
    SEGMENT: ?PR?LONG_KEY_ENABLE?RA8876

*** WARNING L16: UNCALLED SEGMENT, IGNORED FOR OVERLAY PROCESS
    SEGMENT: ?PR?_KEY_SCAN_FREG?RA8876

*** WARNING L16: UNCALLED SEGMENT, IGNORED FOR OVERLAY PROCESS
    SEGMENT: ?PR?KEY_SCAN_WAKEUP_FUNCTION_ENABLE?RA8876

*** WARNING L16: UNCALLED SEGMENT, IGNORED FOR OVERLAY PROCESS
    SEGMENT: ?PR?_LONG_KEY_TIMING_ADJUSTMENT?RA8876

*** WARNING L16: UNCALLED SEGMENT, IGNORED FOR OVERLAY PROCESS
    SEGMENT: ?PR?NUMBERS_OF_KEY_HIT?RA8876

*** WARNING L16: UNCALLED SEGMENT, IGNORED FOR OVERLAY PROCESS
    SEGMENT: ?PR?READ_KEY_STROBE_DATA_0?RA8876

*** WARNING L16: UNCALLED SEGMENT, IGNORED FOR OVERLAY PROCESS
    SEGMENT: ?PR?READ_KEY_STROBE_DATA_1?RA8876

*** WARNING L16: UNCALLED SEGMENT, IGNORED FOR OVERLAY PROCESS
    SEGMENT: ?PR?READ_KEY_STROBE_DATA_2?RA8876

*** WARNING L16: UNCALLED SEGMENT, IGNORED FOR OVERLAY PROCESS
    SEGMENT: ?PR?_SDWRITEBLOCK?RA8876

Program Size: data=9.0 xdata=670 code=59746
LINK/LOCATE RUN COMPLETE.  303 WARNING(S),  0 ERROR(S)
